ARM Linker, 5.02 [Build 28] [MDK-ARM Standard]

==============================================================================

Section Cross References

    startup_stm32f10x_md.o(STACK) refers (Special) to heapauxi.o(.text) for __use_two_region_memory
    startup_stm32f10x_md.o(HEAP) refers (Special) to heapauxi.o(.text) for __use_two_region_memory
    startup_stm32f10x_md.o(RESET) refers (Special) to heapauxi.o(.text) for __use_two_region_memory
    startup_stm32f10x_md.o(RESET) refers to startup_stm32f10x_md.o(STACK) for __initial_sp
    startup_stm32f10x_md.o(RESET) refers to startup_stm32f10x_md.o(.text) for Reset_Handler
    startup_stm32f10x_md.o(RESET) refers to stm32f1xx_it.o(.text) for NMI_Handler
    startup_stm32f10x_md.o(.text) refers (Special) to heapauxi.o(.text) for __use_two_region_memory
    startup_stm32f10x_md.o(.text) refers to system_stm32f1xx.o(.text) for SystemInit
    startup_stm32f10x_md.o(.text) refers to __main.o(!!!main) for __main
    startup_stm32f10x_md.o(.text) refers to startup_stm32f10x_md.o(HEAP) for Heap_Mem
    startup_stm32f10x_md.o(.text) refers to startup_stm32f10x_md.o(STACK) for Stack_Mem
    main.o(.text) refers to stm32f1xx_nucleo.o(.text) for BSP_LED_Toggle
    main.o(.text) refers to stm32f1xx_hal.o(.text) for HAL_Delay
    main.o(.text) refers to stm32f1xx_hal_uart.o(.text) for HAL_UART_Transmit_IT
    main.o(.text) refers to stm32f1xx_hal_gpio.o(.text) for HAL_GPIO_Init
    main.o(.text) refers to rt_memclr_w.o(.text) for __aeabi_memclr4
    main.o(.text) refers to stm32f1xx_hal_rcc.o(.text) for HAL_RCC_OscConfig
    main.o(.text) refers to stm32f1xx_hal_rcc_ex.o(.text) for HAL_RCC_ClockConfig
    main.o(.text) refers to rt_memclr.o(.text) for __aeabi_memclr
    main.o(.text) refers to adcread.o(.text) for ADC_Get_Pulse
    main.o(.text) refers to dflt_clz.o(x$fpl$dfltu) for __aeabi_ui2d
    main.o(.text) refers to dmul.o(x$fpl$dmul) for __aeabi_dmul
    main.o(.text) refers to dfixu.o(x$fpl$dfixu) for __aeabi_d2uiz
    main.o(.text) refers to main.o(.bss) for UartHandle
    main.o(.text) refers to main.o(.data) for UartReady
    stm32f1xx_it.o(.text) refers to stm32f1xx_hal.o(.text) for HAL_IncTick
    stm32f1xx_it.o(.text) refers to stm32f1xx_hal_gpio.o(.text) for HAL_GPIO_EXTI_IRQHandler
    stm32f1xx_it.o(.text) refers to stm32f1xx_hal_adc.o(.text) for HAL_ADC_IRQHandler
    stm32f1xx_it.o(.text) refers to stm32f1xx_hal_dma.o(.text) for HAL_DMA_IRQHandler
    stm32f1xx_it.o(.text) refers to stm32f1xx_hal_uart.o(.text) for HAL_UART_IRQHandler
    stm32f1xx_it.o(.text) refers to adcread.o(.bss) for AdcHandle
    stm32f1xx_it.o(.text) refers to main.o(.bss) for UartHandle
    system_stm32f1xx.o(.text) refers to system_stm32f1xx.o(.data) for SystemCoreClock
    stm32f1xx_hal_msp.o(.text) refers to stm32f1xx_hal_rcc_ex.o(.text) for HAL_RCCEx_PeriphCLKConfig
    stm32f1xx_hal_msp.o(.text) refers to stm32f1xx_hal_gpio.o(.text) for HAL_GPIO_Init
    stm32f1xx_hal_msp.o(.text) refers to stm32f1xx_hal_dma.o(.text) for HAL_DMA_DeInit
    stm32f1xx_hal_msp.o(.text) refers to stm32f1xx_hal_cortex.o(.text) for HAL_NVIC_SetPriority
    stm32f1xx_hal_msp.o(.text) refers to stm32f1xx_hal_msp.o(.bss) for DmaHandle
    adcread.o(.text) refers to stm32f1xx_hal.o(.text) for HAL_Delay
    adcread.o(.text) refers to stm32f1xx_hal_adc.o(.text) for HAL_ADC_Init
    adcread.o(.text) refers to stm32f1xx_hal_adc_ex.o(.text) for HAL_ADCEx_Calibration_Start
    adcread.o(.text) refers to adcread.o(.bss) for AdcHandle
    adcread.o(.text) refers to adcread.o(.data) for ubAnalogWatchdogStatus
    stm32f1xx_hal.o(.text) refers to stm32f1xx_hal_rcc.o(.text) for HAL_RCC_GetHCLKFreq
    stm32f1xx_hal.o(.text) refers to stm32f1xx_hal_cortex.o(.text) for HAL_SYSTICK_Config
    stm32f1xx_hal.o(.text) refers to stm32f1xx_hal.o(.data) for uwTick
    stm32f1xx_hal_adc.o(.text) refers to stm32f1xx_hal.o(.text) for HAL_GetTick
    stm32f1xx_hal_adc.o(.text) refers to stm32f1xx_hal_msp.o(.text) for HAL_ADC_MspInit
    stm32f1xx_hal_adc.o(.text) refers to stm32f1xx_hal_rcc_ex.o(.text) for HAL_RCCEx_GetPeriphCLKFreq
    stm32f1xx_hal_adc.o(.text) refers to system_stm32f1xx.o(.data) for SystemCoreClock
    stm32f1xx_hal_adc.o(.text) refers to adcread.o(.text) for HAL_ADC_ErrorCallback
    stm32f1xx_hal_adc.o(.text) refers to stm32f1xx_hal_dma.o(.text) for HAL_DMA_Start_IT
    stm32f1xx_hal_adc.o(.text) refers to stm32f1xx_hal_adc_ex.o(.text) for HAL_ADCEx_InjectedConvCpltCallback
    stm32f1xx_hal_adc_ex.o(.text) refers to stm32f1xx_hal_adc.o(.text) for ADC_ConversionStop_Disable
    stm32f1xx_hal_adc_ex.o(.text) refers to stm32f1xx_hal_rcc_ex.o(.text) for HAL_RCCEx_GetPeriphCLKFreq
    stm32f1xx_hal_adc_ex.o(.text) refers to stm32f1xx_hal.o(.text) for HAL_GetTick
    stm32f1xx_hal_adc_ex.o(.text) refers to system_stm32f1xx.o(.data) for SystemCoreClock
    stm32f1xx_hal_adc_ex.o(.text) refers to stm32f1xx_hal_dma.o(.text) for HAL_DMA_Start_IT
    stm32f1xx_hal_dma.o(.text) refers to stm32f1xx_hal.o(.text) for HAL_GetTick
    stm32f1xx_hal_gpio.o(.text) refers to main.o(.text) for HAL_GPIO_EXTI_Callback
    stm32f1xx_hal_rcc.o(.text) refers to stm32f1xx_hal.o(.text) for HAL_GetTick
    stm32f1xx_hal_rcc.o(.text) refers to stm32f1xx_hal_gpio.o(.text) for HAL_GPIO_Init
    stm32f1xx_hal_rcc.o(.text) refers to stm32f1xx_hal_rcc.o(.constdata) for aAPBAHBPrescTable
    stm32f1xx_hal_rcc.o(.text) refers to system_stm32f1xx.o(.data) for SystemCoreClock
    stm32f1xx_hal_rcc_ex.o(.text) refers to stm32f1xx_hal.o(.text) for HAL_GetTick
    stm32f1xx_hal_rcc_ex.o(.text) refers to stm32f1xx_hal_rcc.o(.text) for HAL_RCC_GetPCLK2Freq
    stm32f1xx_hal_tim.o(.text) refers to stm32f1xx_hal_dma.o(.text) for HAL_DMA_Start_IT
    stm32f1xx_hal_tim.o(.text) refers to stm32f1xx_hal_tim_ex.o(.text) for HAL_TIMEx_BreakCallback
    stm32f1xx_hal_tim_ex.o(.text) refers to stm32f1xx_hal_tim.o(.text) for TIM_Base_SetConfig
    stm32f1xx_hal_tim_ex.o(.text) refers to stm32f1xx_hal_dma.o(.text) for HAL_DMA_Start_IT
    stm32f1xx_nucleo.o(.text) refers to stm32f1xx_hal_gpio.o(.text) for HAL_GPIO_Init
    stm32f1xx_nucleo.o(.text) refers to stm32f1xx_hal_cortex.o(.text) for HAL_NVIC_SetPriority
    stm32f1xx_nucleo.o(.text) refers to stm32f1xx_hal_adc.o(.text) for HAL_ADC_GetState
    stm32f1xx_nucleo.o(.text) refers to stm32f1xx_nucleo.o(.constdata) for GPIO_PIN
    stm32f1xx_nucleo.o(.text) refers to stm32f1xx_nucleo.o(.data) for GPIO_PORT
    stm32f1xx_nucleo.o(.text) refers to stm32f1xx_nucleo.o(.bss) for hnucleo_Adc
    stm32f1xx_hal_uart.o(.text) refers to stm32f1xx_hal_rcc.o(.text) for HAL_RCC_GetPCLK2Freq
    stm32f1xx_hal_uart.o(.text) refers to stm32f1xx_hal_msp.o(.text) for HAL_UART_MspInit
    stm32f1xx_hal_uart.o(.text) refers to stm32f1xx_hal.o(.text) for HAL_GetTick
    stm32f1xx_hal_uart.o(.text) refers to main.o(.text) for HAL_UART_TxCpltCallback
    stm32f1xx_hal_uart.o(.text) refers to stm32f1xx_hal_dma.o(.text) for HAL_DMA_Start_IT
    rt_memclr.o(.text) refers to rt_memclr_w.o(.text) for _memset_w
    __main.o(!!!main) refers to rtentry.o(.ARM.Collect$$rtentry$$00000000) for __rt_entry
    dfixu.o(x$fpl$dfixu) refers (Special) to usenofp.o(x$fpl$usenofp) for __I$use$fp
    dfixu.o(x$fpl$dfixu) refers to dnaninf.o(x$fpl$dnaninf) for __fpl_dnaninf
    dfixu.o(x$fpl$dfixur) refers (Special) to usenofp.o(x$fpl$usenofp) for __I$use$fp
    dfixu.o(x$fpl$dfixur) refers to dnaninf.o(x$fpl$dnaninf) for __fpl_dnaninf
    dflt_clz.o(x$fpl$dfltu) refers (Special) to usenofp.o(x$fpl$usenofp) for __I$use$fp
    dflt_clz.o(x$fpl$dflt) refers (Special) to usenofp.o(x$fpl$usenofp) for __I$use$fp
    dflt_clz.o(x$fpl$dfltn) refers (Special) to usenofp.o(x$fpl$usenofp) for __I$use$fp
    dmul.o(x$fpl$dmul) refers (Special) to usenofp.o(x$fpl$usenofp) for __I$use$fp
    dmul.o(x$fpl$dmul) refers to dretinf.o(x$fpl$dretinf) for __fpl_dretinf
    dmul.o(x$fpl$dmul) refers to dnaninf.o(x$fpl$dnaninf) for __fpl_dnaninf
    rtentry.o(.ARM.Collect$$rtentry$$00000000) refers (Special) to rtentry2.o(.ARM.Collect$$rtentry$$0000000A) for __rt_entry_li
    rtentry.o(.ARM.Collect$$rtentry$$00000000) refers (Special) to rtentry2.o(.ARM.Collect$$rtentry$$0000000D) for __rt_entry_main
    rtentry.o(.ARM.Collect$$rtentry$$00000000) refers (Special) to rtentry2.o(.ARM.Collect$$rtentry$$0000000C) for __rt_entry_postli_1
    rtentry.o(.ARM.Collect$$rtentry$$00000000) refers (Special) to rtentry2.o(.ARM.Collect$$rtentry$$00000009) for __rt_entry_postsh_1
    rtentry.o(.ARM.Collect$$rtentry$$00000000) refers (Special) to rtentry2.o(.ARM.Collect$$rtentry$$00000002) for __rt_entry_presh_1
    rtentry.o(.ARM.Collect$$rtentry$$00000000) refers (Special) to rtentry4.o(.ARM.Collect$$rtentry$$00000004) for __rt_entry_sh
    dnaninf.o(x$fpl$dnaninf) refers (Special) to usenofp.o(x$fpl$usenofp) for __I$use$fp
    dretinf.o(x$fpl$dretinf) refers (Special) to usenofp.o(x$fpl$usenofp) for __I$use$fp
    rtentry2.o(.ARM.Collect$$rtentry$$00000008) refers to boardinit2.o(.text) for _platform_post_stackheap_init
    rtentry2.o(.ARM.Collect$$rtentry$$0000000A) refers to libinit.o(.ARM.Collect$$libinit$$00000000) for __rt_lib_init
    rtentry2.o(.ARM.Collect$$rtentry$$0000000B) refers to boardinit3.o(.text) for _platform_post_lib_init
    rtentry2.o(.ARM.Collect$$rtentry$$0000000D) refers to main.o(.text) for main
    rtentry2.o(.ARM.Collect$$rtentry$$0000000D) refers to exit.o(.text) for exit
    rtentry2.o(.ARM.exidx) refers to rtentry2.o(.ARM.Collect$$rtentry$$00000001) for .ARM.Collect$$rtentry$$00000001
    rtentry2.o(.ARM.exidx) refers to rtentry2.o(.ARM.Collect$$rtentry$$00000008) for .ARM.Collect$$rtentry$$00000008
    rtentry2.o(.ARM.exidx) refers to rtentry2.o(.ARM.Collect$$rtentry$$0000000A) for .ARM.Collect$$rtentry$$0000000A
    rtentry2.o(.ARM.exidx) refers to rtentry2.o(.ARM.Collect$$rtentry$$0000000B) for .ARM.Collect$$rtentry$$0000000B
    rtentry2.o(.ARM.exidx) refers to rtentry2.o(.ARM.Collect$$rtentry$$0000000D) for .ARM.Collect$$rtentry$$0000000D
    rtentry4.o(.ARM.Collect$$rtentry$$00000004) refers to sys_stackheap_outer.o(.text) for __user_setup_stackheap
    rtentry4.o(.ARM.exidx) refers to rtentry4.o(.ARM.Collect$$rtentry$$00000004) for .ARM.Collect$$rtentry$$00000004
    sys_stackheap_outer.o(.text) refers to libspace.o(.text) for __user_perproc_libspace
    sys_stackheap_outer.o(.text) refers to startup_stm32f10x_md.o(.text) for __user_initial_stackheap
    exit.o(.text) refers to rtexit.o(.ARM.Collect$$rtexit$$00000000) for __rt_exit
    libinit.o(.ARM.Collect$$libinit$$00000000) refers (Special) to libinit2.o(.ARM.Collect$$libinit$$0000002C) for __rt_lib_init_alloca_1
    libinit.o(.ARM.Collect$$libinit$$00000000) refers (Special) to libinit2.o(.ARM.Collect$$libinit$$0000002A) for __rt_lib_init_argv_1
    libinit.o(.ARM.Collect$$libinit$$00000000) refers (Special) to libinit2.o(.ARM.Collect$$libinit$$00000019) for __rt_lib_init_atexit_1
    libinit.o(.ARM.Collect$$libinit$$00000000) refers (Special) to libinit2.o(.ARM.Collect$$libinit$$0000001F) for __rt_lib_init_clock_1
    libinit.o(.ARM.Collect$$libinit$$00000000) refers (Special) to libinit2.o(.ARM.Collect$$libinit$$00000030) for __rt_lib_init_cpp_1
    libinit.o(.ARM.Collect$$libinit$$00000000) refers (Special) to libinit2.o(.ARM.Collect$$libinit$$0000002E) for __rt_lib_init_exceptions_1
    libinit.o(.ARM.Collect$$libinit$$00000000) refers (Special) to libinit2.o(.ARM.Collect$$libinit$$00000002) for __rt_lib_init_fp_1
    libinit.o(.ARM.Collect$$libinit$$00000000) refers (Special) to libinit2.o(.ARM.Collect$$libinit$$0000001D) for __rt_lib_init_fp_trap_1
    libinit.o(.ARM.Collect$$libinit$$00000000) refers (Special) to libinit2.o(.ARM.Collect$$libinit$$00000021) for __rt_lib_init_getenv_1
    libinit.o(.ARM.Collect$$libinit$$00000000) refers (Special) to libinit2.o(.ARM.Collect$$libinit$$00000008) for __rt_lib_init_heap_1
    libinit.o(.ARM.Collect$$libinit$$00000000) refers (Special) to libinit2.o(.ARM.Collect$$libinit$$0000000F) for __rt_lib_init_lc_collate_1
    libinit.o(.ARM.Collect$$libinit$$00000000) refers (Special) to libinit2.o(.ARM.Collect$$libinit$$00000011) for __rt_lib_init_lc_ctype_1
    libinit.o(.ARM.Collect$$libinit$$00000000) refers (Special) to libinit2.o(.ARM.Collect$$libinit$$00000013) for __rt_lib_init_lc_monetary_1
    libinit.o(.ARM.Collect$$libinit$$00000000) refers (Special) to libinit2.o(.ARM.Collect$$libinit$$00000015) for __rt_lib_init_lc_numeric_1
    libinit.o(.ARM.Collect$$libinit$$00000000) refers (Special) to libinit2.o(.ARM.Collect$$libinit$$00000017) for __rt_lib_init_lc_time_1
    libinit.o(.ARM.Collect$$libinit$$00000000) refers (Special) to libinit2.o(.ARM.Collect$$libinit$$0000000C) for __rt_lib_init_rand_1
    libinit.o(.ARM.Collect$$libinit$$00000000) refers (Special) to libinit2.o(.ARM.Collect$$libinit$$00000031) for __rt_lib_init_return
    libinit.o(.ARM.Collect$$libinit$$00000000) refers (Special) to libinit2.o(.ARM.Collect$$libinit$$0000001B) for __rt_lib_init_signal_1
    libinit.o(.ARM.Collect$$libinit$$00000000) refers (Special) to libinit2.o(.ARM.Collect$$libinit$$00000023) for __rt_lib_init_stdio_1
    libinit.o(.ARM.Collect$$libinit$$00000000) refers (Special) to libinit2.o(.ARM.Collect$$libinit$$0000000A) for __rt_lib_init_user_alloc_1
    libspace.o(.text) refers to libspace.o(.bss) for __libspace_start
    rtexit.o(.ARM.Collect$$rtexit$$00000000) refers (Special) to rtexit2.o(.ARM.Collect$$rtexit$$00000004) for __rt_exit_exit
    rtexit.o(.ARM.Collect$$rtexit$$00000000) refers (Special) to rtexit2.o(.ARM.Collect$$rtexit$$00000003) for __rt_exit_ls
    rtexit.o(.ARM.Collect$$rtexit$$00000000) refers (Special) to rtexit2.o(.ARM.Collect$$rtexit$$00000002) for __rt_exit_prels_1
    rtexit.o(.ARM.exidx) refers (Special) to rtexit2.o(.ARM.Collect$$rtexit$$00000004) for __rt_exit_exit
    rtexit.o(.ARM.exidx) refers (Special) to rtexit2.o(.ARM.Collect$$rtexit$$00000003) for __rt_exit_ls
    rtexit.o(.ARM.exidx) refers (Special) to rtexit2.o(.ARM.Collect$$rtexit$$00000002) for __rt_exit_prels_1
    rtexit.o(.ARM.exidx) refers to rtexit.o(.ARM.Collect$$rtexit$$00000000) for .ARM.Collect$$rtexit$$00000000
    libinit2.o(.ARM.Collect$$libinit$$0000000E) refers to libinit2.o(.ARM.Collect$$libinit$$0000000D) for .ARM.Collect$$libinit$$0000000D
    libinit2.o(.ARM.Collect$$libinit$$00000010) refers to libinit2.o(.ARM.Collect$$libinit$$0000000D) for .ARM.Collect$$libinit$$0000000D
    libinit2.o(.ARM.Collect$$libinit$$00000012) refers to libinit2.o(.ARM.Collect$$libinit$$0000000D) for .ARM.Collect$$libinit$$0000000D
    libinit2.o(.ARM.Collect$$libinit$$00000014) refers to libinit2.o(.ARM.Collect$$libinit$$0000000D) for .ARM.Collect$$libinit$$0000000D
    libinit2.o(.ARM.Collect$$libinit$$00000016) refers to libinit2.o(.ARM.Collect$$libinit$$0000000D) for .ARM.Collect$$libinit$$0000000D
    libinit2.o(.ARM.Collect$$libinit$$00000024) refers to argv_veneer.o(.emb_text) for __ARM_argv_veneer
    libinit2.o(.ARM.Collect$$libinit$$00000025) refers to argv_veneer.o(.emb_text) for __ARM_argv_veneer
    rtexit2.o(.ARM.Collect$$rtexit$$00000003) refers to libshutdown.o(.ARM.Collect$$libshutdown$$00000000) for __rt_lib_shutdown
    rtexit2.o(.ARM.Collect$$rtexit$$00000004) refers to sys_exit.o(.text) for _sys_exit
    rtexit2.o(.ARM.exidx) refers to rtexit2.o(.ARM.Collect$$rtexit$$00000001) for .ARM.Collect$$rtexit$$00000001
    rtexit2.o(.ARM.exidx) refers to rtexit2.o(.ARM.Collect$$rtexit$$00000003) for .ARM.Collect$$rtexit$$00000003
    rtexit2.o(.ARM.exidx) refers to rtexit2.o(.ARM.Collect$$rtexit$$00000004) for .ARM.Collect$$rtexit$$00000004
    argv_veneer.o(.emb_text) refers to no_argv.o(.text) for __ARM_get_argv
    sys_exit.o(.text) refers (Special) to use_no_semi.o(.text) for __I$use$semihosting
    sys_exit.o(.text) refers (Special) to indicate_semi.o(.text) for __semihosting_library_function
    _get_argv_nomalloc.o(.text) refers (Special) to hrguard.o(.text) for __heap_region$guard
    _get_argv_nomalloc.o(.text) refers to defsig_rtmem_outer.o(.text) for __rt_SIGRTMEM
    _get_argv_nomalloc.o(.text) refers to sys_command.o(.text) for _sys_command_string
    libshutdown.o(.ARM.Collect$$libshutdown$$00000000) refers (Special) to libshutdown2.o(.ARM.Collect$$libshutdown$$00000006) for __rt_lib_shutdown_fp_trap_1
    libshutdown.o(.ARM.Collect$$libshutdown$$00000000) refers (Special) to libshutdown2.o(.ARM.Collect$$libshutdown$$0000000E) for __rt_lib_shutdown_heap_1
    libshutdown.o(.ARM.Collect$$libshutdown$$00000000) refers (Special) to libshutdown2.o(.ARM.Collect$$libshutdown$$0000000F) for __rt_lib_shutdown_return
    libshutdown.o(.ARM.Collect$$libshutdown$$00000000) refers (Special) to libshutdown2.o(.ARM.Collect$$libshutdown$$00000009) for __rt_lib_shutdown_signal_1
    libshutdown.o(.ARM.Collect$$libshutdown$$00000000) refers (Special) to libshutdown2.o(.ARM.Collect$$libshutdown$$00000003) for __rt_lib_shutdown_stdio_1
    libshutdown.o(.ARM.Collect$$libshutdown$$00000000) refers (Special) to libshutdown2.o(.ARM.Collect$$libshutdown$$0000000B) for __rt_lib_shutdown_user_alloc_1
    sys_command.o(.text) refers (Special) to use_no_semi.o(.text) for __I$use$semihosting
    sys_command.o(.text) refers (Special) to indicate_semi.o(.text) for __semihosting_library_function
    defsig_rtmem_outer.o(.text) refers to defsig_rtmem_inner.o(.text) for __rt_SIGRTMEM_inner
    defsig_rtmem_outer.o(.text) refers to defsig_exit.o(.text) for __sig_exit
    defsig_rtmem_formal.o(.text) refers to rt_raise.o(.text) for __rt_raise
    rt_raise.o(.text) refers to __raise.o(.text) for __raise
    rt_raise.o(.text) refers to sys_exit.o(.text) for _sys_exit
    defsig_exit.o(.text) refers to sys_exit.o(.text) for _sys_exit
    defsig_rtmem_inner.o(.text) refers to defsig_general.o(.text) for __default_signal_display
    __raise.o(.text) refers to defsig.o(CL$$defsig) for __default_signal_handler
    defsig_general.o(.text) refers to sys_wrch.o(.text) for _ttywrch
    sys_wrch.o(.text) refers (Special) to use_no_semi.o(.text) for __I$use$semihosting
    sys_wrch.o(.text) refers (Special) to indicate_semi.o(.text) for __semihosting_library_function
    defsig.o(CL$$defsig) refers to defsig_rtmem_inner.o(.text) for __rt_SIGRTMEM_inner
    defsig_abrt_inner.o(.text) refers to defsig_general.o(.text) for __default_signal_display
    defsig_fpe_inner.o(.text) refers to defsig_general.o(.text) for __default_signal_display
    defsig_rtred_inner.o(.text) refers to defsig_general.o(.text) for __default_signal_display
    defsig_stak_inner.o(.text) refers to defsig_general.o(.text) for __default_signal_display
    defsig_pvfn_inner.o(.text) refers to defsig_general.o(.text) for __default_signal_display
    defsig_cppl_inner.o(.text) refers to defsig_general.o(.text) for __default_signal_display
    defsig_segv_inner.o(.text) refers to defsig_general.o(.text) for __default_signal_display
    defsig_other.o(.text) refers to defsig_general.o(.text) for __default_signal_display


==============================================================================

Removing Unused input sections from the image.

    Removing main.o(.rev16_text), (4 bytes).
    Removing main.o(.revsh_text), (4 bytes).
    Removing stm32f1xx_it.o(.rev16_text), (4 bytes).
    Removing stm32f1xx_it.o(.revsh_text), (4 bytes).
    Removing system_stm32f1xx.o(.rev16_text), (4 bytes).
    Removing system_stm32f1xx.o(.revsh_text), (4 bytes).
    Removing stm32f1xx_hal_msp.o(.rev16_text), (4 bytes).
    Removing stm32f1xx_hal_msp.o(.revsh_text), (4 bytes).
    Removing adcread.o(.rev16_text), (4 bytes).
    Removing adcread.o(.revsh_text), (4 bytes).
    Removing stm32f1xx_hal.o(.rev16_text), (4 bytes).
    Removing stm32f1xx_hal.o(.revsh_text), (4 bytes).
    Removing stm32f1xx_hal_adc.o(.rev16_text), (4 bytes).
    Removing stm32f1xx_hal_adc.o(.revsh_text), (4 bytes).
    Removing stm32f1xx_hal_adc_ex.o(.rev16_text), (4 bytes).
    Removing stm32f1xx_hal_adc_ex.o(.revsh_text), (4 bytes).
    Removing stm32f1xx_hal_cortex.o(.rev16_text), (4 bytes).
    Removing stm32f1xx_hal_cortex.o(.revsh_text), (4 bytes).
    Removing stm32f1xx_hal_dac.o(.rev16_text), (4 bytes).
    Removing stm32f1xx_hal_dac.o(.revsh_text), (4 bytes).
    Removing stm32f1xx_hal_dac_ex.o(.rev16_text), (4 bytes).
    Removing stm32f1xx_hal_dac_ex.o(.revsh_text), (4 bytes).
    Removing stm32f1xx_hal_dma.o(.rev16_text), (4 bytes).
    Removing stm32f1xx_hal_dma.o(.revsh_text), (4 bytes).
    Removing stm32f1xx_hal_gpio.o(.rev16_text), (4 bytes).
    Removing stm32f1xx_hal_gpio.o(.revsh_text), (4 bytes).
    Removing stm32f1xx_hal_rcc.o(.rev16_text), (4 bytes).
    Removing stm32f1xx_hal_rcc.o(.revsh_text), (4 bytes).
    Removing stm32f1xx_hal_rcc_ex.o(.rev16_text), (4 bytes).
    Removing stm32f1xx_hal_rcc_ex.o(.revsh_text), (4 bytes).
    Removing stm32f1xx_hal_tim.o(.rev16_text), (4 bytes).
    Removing stm32f1xx_hal_tim.o(.revsh_text), (4 bytes).
    Removing stm32f1xx_hal_tim.o(.text), (9930 bytes).
    Removing stm32f1xx_hal_tim_ex.o(.rev16_text), (4 bytes).
    Removing stm32f1xx_hal_tim_ex.o(.revsh_text), (4 bytes).
    Removing stm32f1xx_hal_tim_ex.o(.text), (3432 bytes).
    Removing stm32f1xx_nucleo.o(.rev16_text), (4 bytes).
    Removing stm32f1xx_nucleo.o(.revsh_text), (4 bytes).
    Removing stm32f1xx_hal_uart.o(.rev16_text), (4 bytes).
    Removing stm32f1xx_hal_uart.o(.revsh_text), (4 bytes).
    Removing stm32f1xx_hal_pwr.o(.rev16_text), (4 bytes).
    Removing stm32f1xx_hal_pwr.o(.revsh_text), (4 bytes).
    Removing stm32f1xx_hal_pwr.o(.text), (572 bytes).

43 unused section(s) (total 14094 bytes) removed from the image.

==============================================================================

Image Symbol Table

    Local Symbols

    Symbol Name                              Value     Ov Type        Size  Object(Section)

    ../clib/angel/boardlib.s                 0x00000000   Number         0  boardinit3.o ABSOLUTE
    ../clib/angel/boardlib.s                 0x00000000   Number         0  boardinit1.o ABSOLUTE
    ../clib/angel/boardlib.s                 0x00000000   Number         0  boardinit2.o ABSOLUTE
    ../clib/angel/boardlib.s                 0x00000000   Number         0  boardshut.o ABSOLUTE
    ../clib/angel/handlers.s                 0x00000000   Number         0  __scatter_copy.o ABSOLUTE
    ../clib/angel/handlers.s                 0x00000000   Number         0  __scatter_zi.o ABSOLUTE
    ../clib/angel/kernel.s                   0x00000000   Number         0  rtentry.o ABSOLUTE
    ../clib/angel/kernel.s                   0x00000000   Number         0  rtexit.o ABSOLUTE
    ../clib/angel/kernel.s                   0x00000000   Number         0  rtentry4.o ABSOLUTE
    ../clib/angel/kernel.s                   0x00000000   Number         0  rtexit2.o ABSOLUTE
    ../clib/angel/kernel.s                   0x00000000   Number         0  rtentry2.o ABSOLUTE
    ../clib/angel/rt.s                       0x00000000   Number         0  rt_raise.o ABSOLUTE
    ../clib/angel/scatter.s                  0x00000000   Number         0  __scatter.o ABSOLUTE
    ../clib/angel/startup.s                  0x00000000   Number         0  __main.o ABSOLUTE
    ../clib/angel/sys.s                      0x00000000   Number         0  libspace.o ABSOLUTE
    ../clib/angel/sys.s                      0x00000000   Number         0  sys_stackheap_outer.o ABSOLUTE
    ../clib/angel/sys.s                      0x00000000   Number         0  indicate_semi.o ABSOLUTE
    ../clib/angel/sys.s                      0x00000000   Number         0  use_no_semi.o ABSOLUTE
    ../clib/angel/sysapp.c                   0x00000000   Number         0  sys_wrch.o ABSOLUTE
    ../clib/angel/sysapp.c                   0x00000000   Number         0  sys_exit.o ABSOLUTE
    ../clib/angel/sysapp.c                   0x00000000   Number         0  sys_command.o ABSOLUTE
    ../clib/armsys.c                         0x00000000   Number         0  argv_veneer.o ABSOLUTE
    ../clib/armsys.c                         0x00000000   Number         0  argv_veneer.o ABSOLUTE
    ../clib/armsys.c                         0x00000000   Number         0  no_argv.o ABSOLUTE
    ../clib/armsys.c                         0x00000000   Number         0  _get_argv_nomalloc.o ABSOLUTE
    ../clib/heapalloc.c                      0x00000000   Number         0  hrguard.o ABSOLUTE
    ../clib/heapaux.c                        0x00000000   Number         0  heapauxi.o ABSOLUTE
    ../clib/libinit.s                        0x00000000   Number         0  libinit.o ABSOLUTE
    ../clib/libinit.s                        0x00000000   Number         0  libinit2.o ABSOLUTE
    ../clib/libinit.s                        0x00000000   Number         0  libshutdown.o ABSOLUTE
    ../clib/libinit.s                        0x00000000   Number         0  libshutdown2.o ABSOLUTE
    ../clib/memcpset.s                       0x00000000   Number         0  rt_memclr_w.o ABSOLUTE
    ../clib/memcpset.s                       0x00000000   Number         0  rt_memclr.o ABSOLUTE
    ../clib/signal.c                         0x00000000   Number         0  defsig_general.o ABSOLUTE
    ../clib/signal.c                         0x00000000   Number         0  __raise.o ABSOLUTE
    ../clib/signal.c                         0x00000000   Number         0  defsig_rtmem_outer.o ABSOLUTE
    ../clib/signal.c                         0x00000000   Number         0  defsig_rtmem_formal.o ABSOLUTE
    ../clib/signal.c                         0x00000000   Number         0  defsig_fpe_inner.o ABSOLUTE
    ../clib/signal.c                         0x00000000   Number         0  defsig_exit.o ABSOLUTE
    ../clib/signal.c                         0x00000000   Number         0  defsig_abrt_inner.o ABSOLUTE
    ../clib/signal.c                         0x00000000   Number         0  defsig_rtred_inner.o ABSOLUTE
    ../clib/signal.c                         0x00000000   Number         0  defsig_pvfn_inner.o ABSOLUTE
    ../clib/signal.c                         0x00000000   Number         0  defsig_cppl_inner.o ABSOLUTE
    ../clib/signal.c                         0x00000000   Number         0  defsig_segv_inner.o ABSOLUTE
    ../clib/signal.c                         0x00000000   Number         0  defsig_other.o ABSOLUTE
    ../clib/signal.c                         0x00000000   Number         0  defsig_rtmem_inner.o ABSOLUTE
    ../clib/signal.c                         0x00000000   Number         0  defsig_stak_inner.o ABSOLUTE
    ../clib/signal.s                         0x00000000   Number         0  defsig.o ABSOLUTE
    ../clib/stdlib.c                         0x00000000   Number         0  exit.o ABSOLUTE
    ../fplib/dfixu.s                         0x00000000   Number         0  dfixu.o ABSOLUTE
    ../fplib/dflt.s                          0x00000000   Number         0  dflt_clz.o ABSOLUTE
    ../fplib/dmul.s                          0x00000000   Number         0  dmul.o ABSOLUTE
    ../fplib/dnaninf.s                       0x00000000   Number         0  dnaninf.o ABSOLUTE
    ../fplib/dretinf.s                       0x00000000   Number         0  dretinf.o ABSOLUTE
    ../fplib/fpinit.s                        0x00000000   Number         0  fpinit.o ABSOLUTE
    ../fplib/usenofp.s                       0x00000000   Number         0  usenofp.o ABSOLUTE
    AdcRead.c                                0x00000000   Number         0  adcread.o ABSOLUTE
    AdcRead.c                                0x00000000   Number         0  adcread.o ABSOLUTE
    dc.s                                     0x00000000   Number         0  dc.o ABSOLUTE
    src\\main.c                              0x00000000   Number         0  main.o ABSOLUTE
    src\\stm32f1xx_hal.c                     0x00000000   Number         0  stm32f1xx_hal.o ABSOLUTE
    src\\stm32f1xx_hal_adc.c                 0x00000000   Number         0  stm32f1xx_hal_adc.o ABSOLUTE
    src\\stm32f1xx_hal_adc_ex.c              0x00000000   Number         0  stm32f1xx_hal_adc_ex.o ABSOLUTE
    src\\stm32f1xx_hal_cortex.c              0x00000000   Number         0  stm32f1xx_hal_cortex.o ABSOLUTE
    src\\stm32f1xx_hal_dac.c                 0x00000000   Number         0  stm32f1xx_hal_dac.o ABSOLUTE
    src\\stm32f1xx_hal_dac_ex.c              0x00000000   Number         0  stm32f1xx_hal_dac_ex.o ABSOLUTE
    src\\stm32f1xx_hal_dma.c                 0x00000000   Number         0  stm32f1xx_hal_dma.o ABSOLUTE
    src\\stm32f1xx_hal_gpio.c                0x00000000   Number         0  stm32f1xx_hal_gpio.o ABSOLUTE
    src\\stm32f1xx_hal_msp.c                 0x00000000   Number         0  stm32f1xx_hal_msp.o ABSOLUTE
    src\\stm32f1xx_hal_pwr.c                 0x00000000   Number         0  stm32f1xx_hal_pwr.o ABSOLUTE
    src\\stm32f1xx_hal_rcc.c                 0x00000000   Number         0  stm32f1xx_hal_rcc.o ABSOLUTE
    src\\stm32f1xx_hal_rcc_ex.c              0x00000000   Number         0  stm32f1xx_hal_rcc_ex.o ABSOLUTE
    src\\stm32f1xx_hal_tim.c                 0x00000000   Number         0  stm32f1xx_hal_tim.o ABSOLUTE
    src\\stm32f1xx_hal_tim_ex.c              0x00000000   Number         0  stm32f1xx_hal_tim_ex.o ABSOLUTE
    src\\stm32f1xx_hal_uart.c                0x00000000   Number         0  stm32f1xx_hal_uart.o ABSOLUTE
    src\\stm32f1xx_it.c                      0x00000000   Number         0  stm32f1xx_it.o ABSOLUTE
    src\\stm32f1xx_nucleo.c                  0x00000000   Number         0  stm32f1xx_nucleo.o ABSOLUTE
    src\\system_stm32f1xx.c                  0x00000000   Number         0  system_stm32f1xx.o ABSOLUTE
    src\main.c                               0x00000000   Number         0  main.o ABSOLUTE
    src\stm32f1xx_hal.c                      0x00000000   Number         0  stm32f1xx_hal.o ABSOLUTE
    src\stm32f1xx_hal_adc.c                  0x00000000   Number         0  stm32f1xx_hal_adc.o ABSOLUTE
    src\stm32f1xx_hal_adc_ex.c               0x00000000   Number         0  stm32f1xx_hal_adc_ex.o ABSOLUTE
    src\stm32f1xx_hal_cortex.c               0x00000000   Number         0  stm32f1xx_hal_cortex.o ABSOLUTE
    src\stm32f1xx_hal_dac.c                  0x00000000   Number         0  stm32f1xx_hal_dac.o ABSOLUTE
    src\stm32f1xx_hal_dac_ex.c               0x00000000   Number         0  stm32f1xx_hal_dac_ex.o ABSOLUTE
    src\stm32f1xx_hal_dma.c                  0x00000000   Number         0  stm32f1xx_hal_dma.o ABSOLUTE
    src\stm32f1xx_hal_gpio.c                 0x00000000   Number         0  stm32f1xx_hal_gpio.o ABSOLUTE
    src\stm32f1xx_hal_msp.c                  0x00000000   Number         0  stm32f1xx_hal_msp.o ABSOLUTE
    src\stm32f1xx_hal_pwr.c                  0x00000000   Number         0  stm32f1xx_hal_pwr.o ABSOLUTE
    src\stm32f1xx_hal_rcc.c                  0x00000000   Number         0  stm32f1xx_hal_rcc.o ABSOLUTE
    src\stm32f1xx_hal_rcc_ex.c               0x00000000   Number         0  stm32f1xx_hal_rcc_ex.o ABSOLUTE
    src\stm32f1xx_hal_tim.c                  0x00000000   Number         0  stm32f1xx_hal_tim.o ABSOLUTE
    src\stm32f1xx_hal_tim_ex.c               0x00000000   Number         0  stm32f1xx_hal_tim_ex.o ABSOLUTE
    src\stm32f1xx_hal_uart.c                 0x00000000   Number         0  stm32f1xx_hal_uart.o ABSOLUTE
    src\stm32f1xx_it.c                       0x00000000   Number         0  stm32f1xx_it.o ABSOLUTE
    src\stm32f1xx_nucleo.c                   0x00000000   Number         0  stm32f1xx_nucleo.o ABSOLUTE
    src\system_stm32f1xx.c                   0x00000000   Number         0  system_stm32f1xx.o ABSOLUTE
    startup_stm32f10x_md.s                   0x00000000   Number         0  startup_stm32f10x_md.o ABSOLUTE
    RESET                                    0x08000000   Section      236  startup_stm32f10x_md.o(RESET)
    !!!main                                  0x080000ec   Section        8  __main.o(!!!main)
    !!!scatter                               0x080000f4   Section       52  __scatter.o(!!!scatter)
    !!handler_copy                           0x08000128   Section       26  __scatter_copy.o(!!handler_copy)
    !!handler_zi                             0x08000144   Section       28  __scatter_zi.o(!!handler_zi)
    .ARM.Collect$$libinit$$00000000          0x08000160   Section        2  libinit.o(.ARM.Collect$$libinit$$00000000)
    .ARM.Collect$$libinit$$00000002          0x08000162   Section        0  libinit2.o(.ARM.Collect$$libinit$$00000002)
    .ARM.Collect$$libinit$$00000008          0x08000162   Section        0  libinit2.o(.ARM.Collect$$libinit$$00000008)
    .ARM.Collect$$libinit$$0000000A          0x08000162   Section        0  libinit2.o(.ARM.Collect$$libinit$$0000000A)
    .ARM.Collect$$libinit$$0000000C          0x08000162   Section        0  libinit2.o(.ARM.Collect$$libinit$$0000000C)
    .ARM.Collect$$libinit$$0000000F          0x08000162   Section        0  libinit2.o(.ARM.Collect$$libinit$$0000000F)
    .ARM.Collect$$libinit$$00000011          0x08000162   Section        0  libinit2.o(.ARM.Collect$$libinit$$00000011)
    .ARM.Collect$$libinit$$00000013          0x08000162   Section        0  libinit2.o(.ARM.Collect$$libinit$$00000013)
    .ARM.Collect$$libinit$$00000015          0x08000162   Section        0  libinit2.o(.ARM.Collect$$libinit$$00000015)
    .ARM.Collect$$libinit$$00000017          0x08000162   Section        0  libinit2.o(.ARM.Collect$$libinit$$00000017)
    .ARM.Collect$$libinit$$00000019          0x08000162   Section        0  libinit2.o(.ARM.Collect$$libinit$$00000019)
    .ARM.Collect$$libinit$$0000001B          0x08000162   Section        0  libinit2.o(.ARM.Collect$$libinit$$0000001B)
    .ARM.Collect$$libinit$$0000001D          0x08000162   Section        0  libinit2.o(.ARM.Collect$$libinit$$0000001D)
    .ARM.Collect$$libinit$$0000001F          0x08000162   Section        0  libinit2.o(.ARM.Collect$$libinit$$0000001F)
    .ARM.Collect$$libinit$$00000021          0x08000162   Section        0  libinit2.o(.ARM.Collect$$libinit$$00000021)
    .ARM.Collect$$libinit$$00000023          0x08000162   Section        0  libinit2.o(.ARM.Collect$$libinit$$00000023)
    .ARM.Collect$$libinit$$0000002A          0x08000162   Section        0  libinit2.o(.ARM.Collect$$libinit$$0000002A)
    .ARM.Collect$$libinit$$0000002C          0x08000162   Section        0  libinit2.o(.ARM.Collect$$libinit$$0000002C)
    .ARM.Collect$$libinit$$0000002E          0x08000162   Section        0  libinit2.o(.ARM.Collect$$libinit$$0000002E)
    .ARM.Collect$$libinit$$00000030          0x08000162   Section        0  libinit2.o(.ARM.Collect$$libinit$$00000030)
    .ARM.Collect$$libinit$$00000031          0x08000162   Section        2  libinit2.o(.ARM.Collect$$libinit$$00000031)
    .ARM.Collect$$libshutdown$$00000000      0x08000164   Section        2  libshutdown.o(.ARM.Collect$$libshutdown$$00000000)
    .ARM.Collect$$libshutdown$$00000003      0x08000166   Section        0  libshutdown2.o(.ARM.Collect$$libshutdown$$00000003)
    .ARM.Collect$$libshutdown$$00000006      0x08000166   Section        0  libshutdown2.o(.ARM.Collect$$libshutdown$$00000006)
    .ARM.Collect$$libshutdown$$00000009      0x08000166   Section        0  libshutdown2.o(.ARM.Collect$$libshutdown$$00000009)
    .ARM.Collect$$libshutdown$$0000000B      0x08000166   Section        0  libshutdown2.o(.ARM.Collect$$libshutdown$$0000000B)
    .ARM.Collect$$libshutdown$$0000000E      0x08000166   Section        0  libshutdown2.o(.ARM.Collect$$libshutdown$$0000000E)
    .ARM.Collect$$libshutdown$$0000000F      0x08000166   Section        2  libshutdown2.o(.ARM.Collect$$libshutdown$$0000000F)
    .ARM.Collect$$rtentry$$00000000          0x08000168   Section        0  rtentry.o(.ARM.Collect$$rtentry$$00000000)
    .ARM.Collect$$rtentry$$00000002          0x08000168   Section        0  rtentry2.o(.ARM.Collect$$rtentry$$00000002)
    .ARM.Collect$$rtentry$$00000004          0x08000168   Section        6  rtentry4.o(.ARM.Collect$$rtentry$$00000004)
    .ARM.Collect$$rtentry$$00000009          0x0800016e   Section        0  rtentry2.o(.ARM.Collect$$rtentry$$00000009)
    .ARM.Collect$$rtentry$$0000000A          0x0800016e   Section        4  rtentry2.o(.ARM.Collect$$rtentry$$0000000A)
    .ARM.Collect$$rtentry$$0000000C          0x08000172   Section        0  rtentry2.o(.ARM.Collect$$rtentry$$0000000C)
    .ARM.Collect$$rtentry$$0000000D          0x08000172   Section        8  rtentry2.o(.ARM.Collect$$rtentry$$0000000D)
    .ARM.Collect$$rtexit$$00000000           0x0800017a   Section        2  rtexit.o(.ARM.Collect$$rtexit$$00000000)
    .ARM.Collect$$rtexit$$00000002           0x0800017c   Section        0  rtexit2.o(.ARM.Collect$$rtexit$$00000002)
    .ARM.Collect$$rtexit$$00000003           0x0800017c   Section        4  rtexit2.o(.ARM.Collect$$rtexit$$00000003)
    .ARM.Collect$$rtexit$$00000004           0x08000180   Section        6  rtexit2.o(.ARM.Collect$$rtexit$$00000004)
    .text                                    0x08000188   Section       64  startup_stm32f10x_md.o(.text)
    .text                                    0x080001c8   Section        0  main.o(.text)
    Error_Handler                            0x080001c9   Thumb Code    18  main.o(.text)
    .text                                    0x080009f4   Section        0  stm32f1xx_it.o(.text)
    .text                                    0x08000a48   Section        0  system_stm32f1xx.o(.text)
    .text                                    0x08000b3c   Section        0  stm32f1xx_hal_msp.o(.text)
    .text                                    0x08000d14   Section        0  adcread.o(.text)
    Error_Handler                            0x08000d15   Thumb Code    12  adcread.o(.text)
    .text                                    0x08000e50   Section        0  stm32f1xx_hal.o(.text)
    .text                                    0x08000f94   Section        0  stm32f1xx_hal_adc.o(.text)
    .text                                    0x08001b58   Section        0  stm32f1xx_hal_adc_ex.o(.text)
    .text                                    0x080024c8   Section        0  stm32f1xx_hal_cortex.o(.text)
    NVIC_SetPriority                         0x080024c9   Thumb Code    32  stm32f1xx_hal_cortex.o(.text)
    NVIC_GetPriorityGrouping                 0x08002753   Thumb Code    12  stm32f1xx_hal_cortex.o(.text)
    .text                                    0x08002774   Section        0  stm32f1xx_hal_dma.o(.text)
    DMA_SetConfig                            0x08002935   Thumb Code    32  stm32f1xx_hal_dma.o(.text)
    .text                                    0x08003080   Section        0  stm32f1xx_hal_gpio.o(.text)
    .text                                    0x08003518   Section        0  stm32f1xx_hal_rcc.o(.text)
    .text                                    0x080043a0   Section        0  stm32f1xx_hal_rcc_ex.o(.text)
    .text                                    0x08004ae4   Section        0  stm32f1xx_nucleo.o(.text)
    ADCx_MspInit                             0x08004c35   Thumb Code    92  stm32f1xx_nucleo.o(.text)
    ADCx_Init                                0x08004c91   Thumb Code    58  stm32f1xx_nucleo.o(.text)
    .text                                    0x08004d90   Section        0  stm32f1xx_hal_uart.o(.text)
    UART_SetConfig                           0x08004d91   Thumb Code   290  stm32f1xx_hal_uart.o(.text)
    UART_WaitOnFlagUntilTimeout              0x080050d1   Thumb Code   256  stm32f1xx_hal_uart.o(.text)
    UART_DMAError                            0x080054bb   Thumb Code    34  stm32f1xx_hal_uart.o(.text)
    UART_DMATxHalfCplt                       0x080054df   Thumb Code    14  stm32f1xx_hal_uart.o(.text)
    UART_DMATransmitCplt                     0x080054ef   Thumb Code    54  stm32f1xx_hal_uart.o(.text)
    UART_DMARxHalfCplt                       0x080055c3   Thumb Code    14  stm32f1xx_hal_uart.o(.text)
    UART_DMAReceiveCplt                      0x080055d3   Thumb Code    62  stm32f1xx_hal_uart.o(.text)
    UART_EndTransmit_IT                      0x080057d9   Thumb Code    60  stm32f1xx_hal_uart.o(.text)
    UART_Transmit_IT                         0x08005815   Thumb Code   114  stm32f1xx_hal_uart.o(.text)
    UART_Receive_IT                          0x08005887   Thumb Code   190  stm32f1xx_hal_uart.o(.text)
    .text                                    0x08005ba6   Section       68  rt_memclr.o(.text)
    .text                                    0x08005bea   Section       78  rt_memclr_w.o(.text)
    .text                                    0x08005c38   Section        0  heapauxi.o(.text)
    .text                                    0x08005c3e   Section       74  sys_stackheap_outer.o(.text)
    .text                                    0x08005c88   Section        0  exit.o(.text)
    .text                                    0x08005c94   Section        8  libspace.o(.text)
    .text                                    0x08005c9c   Section        0  sys_exit.o(.text)
    .text                                    0x08005ca8   Section        2  use_no_semi.o(.text)
    .text                                    0x08005caa   Section        0  indicate_semi.o(.text)
    x$fpl$dfixu                              0x08005cac   Section       90  dfixu.o(x$fpl$dfixu)
    x$fpl$dfltu                              0x08005d06   Section       38  dflt_clz.o(x$fpl$dfltu)
    x$fpl$dmul                               0x08005d2c   Section      340  dmul.o(x$fpl$dmul)
    x$fpl$dnaninf                            0x08005e80   Section      156  dnaninf.o(x$fpl$dnaninf)
    x$fpl$dretinf                            0x08005f1c   Section       12  dretinf.o(x$fpl$dretinf)
    .constdata                               0x08005f28   Section       16  stm32f1xx_hal_rcc.o(.constdata)
    x$fpl$usenofp                            0x08005f28   Section        0  usenofp.o(x$fpl$usenofp)
    .constdata                               0x08005f38   Section        6  stm32f1xx_nucleo.o(.constdata)
    .data                                    0x20000000   Section       66  main.o(.data)
    digit                                    0x2000002c   Data           4  main.o(.data)
    .data                                    0x20000044   Section       20  system_stm32f1xx.o(.data)
    .data                                    0x20000058   Section        1  adcread.o(.data)
    .data                                    0x2000005c   Section        4  stm32f1xx_hal.o(.data)
    uwTick                                   0x2000005c   Data           4  stm32f1xx_hal.o(.data)
    .data                                    0x20000060   Section        8  stm32f1xx_nucleo.o(.data)
    .bss                                     0x20000068   Section     1486  main.o(.bss)
    .bss                                     0x20000638   Section       56  stm32f1xx_hal_msp.o(.bss)
    DmaHandle                                0x20000638   Data          56  stm32f1xx_hal_msp.o(.bss)
    .bss                                     0x20000670   Section       48  adcread.o(.bss)
    .bss                                     0x200006a0   Section       60  stm32f1xx_nucleo.o(.bss)
    hnucleo_Adc                              0x200006a0   Data          48  stm32f1xx_nucleo.o(.bss)
    sConfig                                  0x200006d0   Data          12  stm32f1xx_nucleo.o(.bss)
    .bss                                     0x200006dc   Section       96  libspace.o(.bss)
    HEAP                                     0x20000740   Section      512  startup_stm32f10x_md.o(HEAP)
    Heap_Mem                                 0x20000740   Data         512  startup_stm32f10x_md.o(HEAP)
    STACK                                    0x20000940   Section     1024  startup_stm32f10x_md.o(STACK)
    Stack_Mem                                0x20000940   Data        1024  startup_stm32f10x_md.o(STACK)
    __initial_sp                             0x20000d40   Data           0  startup_stm32f10x_md.o(STACK)

    Global Symbols

    Symbol Name                              Value     Ov Type        Size  Object(Section)

    BuildAttributes$$THM_ISAv4$P$D$K$B$S$PE$A:L22UL41UL21$X:L11$S22US41US21$IEEE1$IW$USESV6$~STKCKD$USESV7$~SHL$OSPACE$ROPI$EBA8$UX$STANDARDLIB$REQ8$PRES8$EABIv2 0x00000000   Number         0  anon$$obj.o ABSOLUTE
    __ARM_use_no_argv                        0x00000000   Number         0  main.o ABSOLUTE
    __ARM_exceptions_init                     - Undefined Weak Reference
    __alloca_initialize                       - Undefined Weak Reference
    __cpp_initialize__aeabi_                  - Undefined Weak Reference
    __cxa_finalize                            - Undefined Weak Reference
    __rt_locale                               - Undefined Weak Reference
    __sigvec_lookup                           - Undefined Weak Reference
    _atexit_init                              - Undefined Weak Reference
    _call_atexit_fns                          - Undefined Weak Reference
    _clock_init                               - Undefined Weak Reference
    _fp_trap_init                             - Undefined Weak Reference
    _fp_trap_shutdown                         - Undefined Weak Reference
    _get_lc_collate                           - Undefined Weak Reference
    _get_lc_ctype                             - Undefined Weak Reference
    _get_lc_monetary                          - Undefined Weak Reference
    _get_lc_numeric                           - Undefined Weak Reference
    _get_lc_time                              - Undefined Weak Reference
    _getenv_init                              - Undefined Weak Reference
    _handle_redirection                       - Undefined Weak Reference
    _init_alloc                               - Undefined Weak Reference
    _init_user_alloc                          - Undefined Weak Reference
    _initio                                   - Undefined Weak Reference
    _rand_init                                - Undefined Weak Reference
    _signal_finish                            - Undefined Weak Reference
    _signal_init                              - Undefined Weak Reference
    _terminate_alloc                          - Undefined Weak Reference
    _terminate_user_alloc                     - Undefined Weak Reference
    _terminateio                              - Undefined Weak Reference
    __Vectors_Size                           0x000000ec   Number         0  startup_stm32f10x_md.o ABSOLUTE
    __Vectors                                0x08000000   Data           4  startup_stm32f10x_md.o(RESET)
    __Vectors_End                            0x080000ec   Data           0  startup_stm32f10x_md.o(RESET)
    __main                                   0x080000ed   Thumb Code     8  __main.o(!!!main)
    __scatterload                            0x080000f5   Thumb Code     0  __scatter.o(!!!scatter)
    __scatterload_rt2                        0x080000f5   Thumb Code    44  __scatter.o(!!!scatter)
    __scatterload_rt2_thumb_only             0x080000f5   Thumb Code     0  __scatter.o(!!!scatter)
    __scatterload_null                       0x08000103   Thumb Code     0  __scatter.o(!!!scatter)
    __scatterload_copy                       0x08000129   Thumb Code    26  __scatter_copy.o(!!handler_copy)
    __scatterload_zeroinit                   0x08000145   Thumb Code    28  __scatter_zi.o(!!handler_zi)
    __rt_lib_init                            0x08000161   Thumb Code     0  libinit.o(.ARM.Collect$$libinit$$00000000)
    __rt_lib_init_alloca_1                   0x08000163   Thumb Code     0  libinit2.o(.ARM.Collect$$libinit$$0000002C)
    __rt_lib_init_argv_1                     0x08000163   Thumb Code     0  libinit2.o(.ARM.Collect$$libinit$$0000002A)
    __rt_lib_init_atexit_1                   0x08000163   Thumb Code     0  libinit2.o(.ARM.Collect$$libinit$$00000019)
    __rt_lib_init_clock_1                    0x08000163   Thumb Code     0  libinit2.o(.ARM.Collect$$libinit$$0000001F)
    __rt_lib_init_cpp_1                      0x08000163   Thumb Code     0  libinit2.o(.ARM.Collect$$libinit$$00000030)
    __rt_lib_init_exceptions_1               0x08000163   Thumb Code     0  libinit2.o(.ARM.Collect$$libinit$$0000002E)
    __rt_lib_init_fp_1                       0x08000163   Thumb Code     0  libinit2.o(.ARM.Collect$$libinit$$00000002)
    __rt_lib_init_fp_trap_1                  0x08000163   Thumb Code     0  libinit2.o(.ARM.Collect$$libinit$$0000001D)
    __rt_lib_init_getenv_1                   0x08000163   Thumb Code     0  libinit2.o(.ARM.Collect$$libinit$$00000021)
    __rt_lib_init_heap_1                     0x08000163   Thumb Code     0  libinit2.o(.ARM.Collect$$libinit$$00000008)
    __rt_lib_init_lc_collate_1               0x08000163   Thumb Code     0  libinit2.o(.ARM.Collect$$libinit$$0000000F)
    __rt_lib_init_lc_ctype_1                 0x08000163   Thumb Code     0  libinit2.o(.ARM.Collect$$libinit$$00000011)
    __rt_lib_init_lc_monetary_1              0x08000163   Thumb Code     0  libinit2.o(.ARM.Collect$$libinit$$00000013)
    __rt_lib_init_lc_numeric_1               0x08000163   Thumb Code     0  libinit2.o(.ARM.Collect$$libinit$$00000015)
    __rt_lib_init_lc_time_1                  0x08000163   Thumb Code     0  libinit2.o(.ARM.Collect$$libinit$$00000017)
    __rt_lib_init_rand_1                     0x08000163   Thumb Code     0  libinit2.o(.ARM.Collect$$libinit$$0000000C)
    __rt_lib_init_return                     0x08000163   Thumb Code     0  libinit2.o(.ARM.Collect$$libinit$$00000031)
    __rt_lib_init_signal_1                   0x08000163   Thumb Code     0  libinit2.o(.ARM.Collect$$libinit$$0000001B)
    __rt_lib_init_stdio_1                    0x08000163   Thumb Code     0  libinit2.o(.ARM.Collect$$libinit$$00000023)
    __rt_lib_init_user_alloc_1               0x08000163   Thumb Code     0  libinit2.o(.ARM.Collect$$libinit$$0000000A)
    __rt_lib_shutdown                        0x08000165   Thumb Code     0  libshutdown.o(.ARM.Collect$$libshutdown$$00000000)
    __rt_lib_shutdown_fp_trap_1              0x08000167   Thumb Code     0  libshutdown2.o(.ARM.Collect$$libshutdown$$00000006)
    __rt_lib_shutdown_heap_1                 0x08000167   Thumb Code     0  libshutdown2.o(.ARM.Collect$$libshutdown$$0000000E)
    __rt_lib_shutdown_return                 0x08000167   Thumb Code     0  libshutdown2.o(.ARM.Collect$$libshutdown$$0000000F)
    __rt_lib_shutdown_signal_1               0x08000167   Thumb Code     0  libshutdown2.o(.ARM.Collect$$libshutdown$$00000009)
    __rt_lib_shutdown_stdio_1                0x08000167   Thumb Code     0  libshutdown2.o(.ARM.Collect$$libshutdown$$00000003)
    __rt_lib_shutdown_user_alloc_1           0x08000167   Thumb Code     0  libshutdown2.o(.ARM.Collect$$libshutdown$$0000000B)
    __rt_entry                               0x08000169   Thumb Code     0  rtentry.o(.ARM.Collect$$rtentry$$00000000)
    __rt_entry_presh_1                       0x08000169   Thumb Code     0  rtentry2.o(.ARM.Collect$$rtentry$$00000002)
    __rt_entry_sh                            0x08000169   Thumb Code     0  rtentry4.o(.ARM.Collect$$rtentry$$00000004)
    __rt_entry_li                            0x0800016f   Thumb Code     0  rtentry2.o(.ARM.Collect$$rtentry$$0000000A)
    __rt_entry_postsh_1                      0x0800016f   Thumb Code     0  rtentry2.o(.ARM.Collect$$rtentry$$00000009)
    __rt_entry_main                          0x08000173   Thumb Code     0  rtentry2.o(.ARM.Collect$$rtentry$$0000000D)
    __rt_entry_postli_1                      0x08000173   Thumb Code     0  rtentry2.o(.ARM.Collect$$rtentry$$0000000C)
    __rt_exit                                0x0800017b   Thumb Code     0  rtexit.o(.ARM.Collect$$rtexit$$00000000)
    __rt_exit_ls                             0x0800017d   Thumb Code     0  rtexit2.o(.ARM.Collect$$rtexit$$00000003)
    __rt_exit_prels_1                        0x0800017d   Thumb Code     0  rtexit2.o(.ARM.Collect$$rtexit$$00000002)
    __rt_exit_exit                           0x08000181   Thumb Code     0  rtexit2.o(.ARM.Collect$$rtexit$$00000004)
    Reset_Handler                            0x08000189   Thumb Code     8  startup_stm32f10x_md.o(.text)
    CAN1_RX1_IRQHandler                      0x080001a3   Thumb Code     0  startup_stm32f10x_md.o(.text)
    CAN1_SCE_IRQHandler                      0x080001a3   Thumb Code     0  startup_stm32f10x_md.o(.text)
    DMA1_Channel2_IRQHandler                 0x080001a3   Thumb Code     0  startup_stm32f10x_md.o(.text)
    DMA1_Channel3_IRQHandler                 0x080001a3   Thumb Code     0  startup_stm32f10x_md.o(.text)
    DMA1_Channel4_IRQHandler                 0x080001a3   Thumb Code     0  startup_stm32f10x_md.o(.text)
    DMA1_Channel5_IRQHandler                 0x080001a3   Thumb Code     0  startup_stm32f10x_md.o(.text)
    DMA1_Channel6_IRQHandler                 0x080001a3   Thumb Code     0  startup_stm32f10x_md.o(.text)
    DMA1_Channel7_IRQHandler                 0x080001a3   Thumb Code     0  startup_stm32f10x_md.o(.text)
    EXTI0_IRQHandler                         0x080001a3   Thumb Code     0  startup_stm32f10x_md.o(.text)
    EXTI1_IRQHandler                         0x080001a3   Thumb Code     0  startup_stm32f10x_md.o(.text)
    EXTI2_IRQHandler                         0x080001a3   Thumb Code     0  startup_stm32f10x_md.o(.text)
    EXTI3_IRQHandler                         0x080001a3   Thumb Code     0  startup_stm32f10x_md.o(.text)
    EXTI4_IRQHandler                         0x080001a3   Thumb Code     0  startup_stm32f10x_md.o(.text)
    EXTI9_5_IRQHandler                       0x080001a3   Thumb Code     0  startup_stm32f10x_md.o(.text)
    FLASH_IRQHandler                         0x080001a3   Thumb Code     0  startup_stm32f10x_md.o(.text)
    I2C1_ER_IRQHandler                       0x080001a3   Thumb Code     0  startup_stm32f10x_md.o(.text)
    I2C1_EV_IRQHandler                       0x080001a3   Thumb Code     0  startup_stm32f10x_md.o(.text)
    I2C2_ER_IRQHandler                       0x080001a3   Thumb Code     0  startup_stm32f10x_md.o(.text)
    I2C2_EV_IRQHandler                       0x080001a3   Thumb Code     0  startup_stm32f10x_md.o(.text)
    PVD_IRQHandler                           0x080001a3   Thumb Code     0  startup_stm32f10x_md.o(.text)
    RCC_IRQHandler                           0x080001a3   Thumb Code     0  startup_stm32f10x_md.o(.text)
    RTCAlarm_IRQHandler                      0x080001a3   Thumb Code     0  startup_stm32f10x_md.o(.text)
    RTC_IRQHandler                           0x080001a3   Thumb Code     0  startup_stm32f10x_md.o(.text)
    SPI1_IRQHandler                          0x080001a3   Thumb Code     0  startup_stm32f10x_md.o(.text)
    SPI2_IRQHandler                          0x080001a3   Thumb Code     0  startup_stm32f10x_md.o(.text)
    TAMPER_IRQHandler                        0x080001a3   Thumb Code     0  startup_stm32f10x_md.o(.text)
    TIM1_BRK_IRQHandler                      0x080001a3   Thumb Code     0  startup_stm32f10x_md.o(.text)
    TIM1_CC_IRQHandler                       0x080001a3   Thumb Code     0  startup_stm32f10x_md.o(.text)
    TIM1_TRG_COM_IRQHandler                  0x080001a3   Thumb Code     0  startup_stm32f10x_md.o(.text)
    TIM1_UP_IRQHandler                       0x080001a3   Thumb Code     0  startup_stm32f10x_md.o(.text)
    TIM2_IRQHandler                          0x080001a3   Thumb Code     0  startup_stm32f10x_md.o(.text)
    TIM3_IRQHandler                          0x080001a3   Thumb Code     0  startup_stm32f10x_md.o(.text)
    TIM4_IRQHandler                          0x080001a3   Thumb Code     0  startup_stm32f10x_md.o(.text)
    USART2_IRQHandler                        0x080001a3   Thumb Code     0  startup_stm32f10x_md.o(.text)
    USART3_IRQHandler                        0x080001a3   Thumb Code     0  startup_stm32f10x_md.o(.text)
    USBWakeUp_IRQHandler                     0x080001a3   Thumb Code     0  startup_stm32f10x_md.o(.text)
    USB_HP_CAN1_TX_IRQHandler                0x080001a3   Thumb Code     0  startup_stm32f10x_md.o(.text)
    USB_LP_CAN1_RX0_IRQHandler               0x080001a3   Thumb Code     0  startup_stm32f10x_md.o(.text)
    WWDG_IRQHandler                          0x080001a3   Thumb Code     0  startup_stm32f10x_md.o(.text)
    __user_initial_stackheap                 0x080001a5   Thumb Code     0  startup_stm32f10x_md.o(.text)
    Sendnewline                              0x080001db   Thumb Code    42  main.o(.text)
    SendDecimal                              0x08000205   Thumb Code   186  main.o(.text)
    Sendspace                                0x080002bf   Thumb Code    44  main.o(.text)
    Sendstring_Dia                           0x080002eb   Thumb Code    42  main.o(.text)
    Sendstring_Sys                           0x08000315   Thumb Code    42  main.o(.text)
    Sendstring_mean                          0x0800033f   Thumb Code    44  main.o(.text)
    Motor_IO_Init                            0x0800036b   Thumb Code    80  main.o(.text)
    SystemClock_Config                       0x080003bb   Thumb Code   106  main.o(.text)
    main                                     0x08000425   Thumb Code  1278  main.o(.text)
    HAL_GPIO_EXTI_Callback                   0x08000923   Thumb Code    38  main.o(.text)
    HAL_UART_TxCpltCallback                  0x08000949   Thumb Code     8  main.o(.text)
    HAL_UART_RxCpltCallback                  0x08000951   Thumb Code    56  main.o(.text)
    NMI_Handler                              0x080009f5   Thumb Code     2  stm32f1xx_it.o(.text)
    HardFault_Handler                        0x080009f7   Thumb Code     4  stm32f1xx_it.o(.text)
    MemManage_Handler                        0x080009fb   Thumb Code     4  stm32f1xx_it.o(.text)
    BusFault_Handler                         0x080009ff   Thumb Code     4  stm32f1xx_it.o(.text)
    UsageFault_Handler                       0x08000a03   Thumb Code     4  stm32f1xx_it.o(.text)
    SVC_Handler                              0x08000a07   Thumb Code     2  stm32f1xx_it.o(.text)
    DebugMon_Handler                         0x08000a09   Thumb Code     2  stm32f1xx_it.o(.text)
    PendSV_Handler                           0x08000a0b   Thumb Code     2  stm32f1xx_it.o(.text)
    SysTick_Handler                          0x08000a0d   Thumb Code     8  stm32f1xx_it.o(.text)
    EXTI15_10_IRQHandler                     0x08000a15   Thumb Code    10  stm32f1xx_it.o(.text)
    ADC1_2_IRQHandler                        0x08000a1f   Thumb Code    10  stm32f1xx_it.o(.text)
    DMA1_Channel1_IRQHandler                 0x08000a29   Thumb Code    12  stm32f1xx_it.o(.text)
    USART1_IRQHandler                        0x08000a35   Thumb Code    10  stm32f1xx_it.o(.text)
    SystemInit                               0x08000a49   Thumb Code    70  system_stm32f1xx.o(.text)
    SystemCoreClockUpdate                    0x08000a8f   Thumb Code   142  system_stm32f1xx.o(.text)
    HAL_ADC_MspInit                          0x08000b3d   Thumb Code   208  stm32f1xx_hal_msp.o(.text)
    HAL_ADC_MspDeInit                        0x08000c0d   Thumb Code    58  stm32f1xx_hal_msp.o(.text)
    HAL_UART_MspInit                         0x08000c47   Thumb Code   138  stm32f1xx_hal_msp.o(.text)
    HAL_UART_MspDeInit                       0x08000cd1   Thumb Code    52  stm32f1xx_hal_msp.o(.text)
    ADC_Config_CH1                           0x08000d21   Thumb Code    76  adcread.o(.text)
    ADC_Config_CH2                           0x08000d6d   Thumb Code    76  adcread.o(.text)
    HAL_ADC_ConvCpltCallback                 0x08000db9   Thumb Code     2  adcread.o(.text)
    HAL_ADC_ConvHalfCpltCallback             0x08000dbb   Thumb Code     2  adcread.o(.text)
    HAL_ADC_LevelOutOfWindowCallback         0x08000dbd   Thumb Code     8  adcread.o(.text)
    HAL_ADC_ErrorCallback                    0x08000dc5   Thumb Code    10  adcread.o(.text)
    ADC_Get_Pressure                         0x08000dcf   Thumb Code    58  adcread.o(.text)
    ADC_Get_Pulse                            0x08000e09   Thumb Code    58  adcread.o(.text)
    HAL_MspInit                              0x08000e51   Thumb Code     2  stm32f1xx_hal.o(.text)
    HAL_InitTick                             0x08000e53   Thumb Code    36  stm32f1xx_hal.o(.text)
    HAL_Init                                 0x08000e77   Thumb Code    34  stm32f1xx_hal.o(.text)
    HAL_MspDeInit                            0x08000e99   Thumb Code     2  stm32f1xx_hal.o(.text)
    HAL_DeInit                               0x08000e9b   Thumb Code    30  stm32f1xx_hal.o(.text)
    HAL_IncTick                              0x08000eb9   Thumb Code    12  stm32f1xx_hal.o(.text)
    HAL_GetTick                              0x08000ec5   Thumb Code     6  stm32f1xx_hal.o(.text)
    HAL_Delay                                0x08000ecb   Thumb Code    26  stm32f1xx_hal.o(.text)
    HAL_SuspendTick                          0x08000ee5   Thumb Code    18  stm32f1xx_hal.o(.text)
    HAL_ResumeTick                           0x08000ef7   Thumb Code    18  stm32f1xx_hal.o(.text)
    HAL_GetHalVersion                        0x08000f09   Thumb Code     6  stm32f1xx_hal.o(.text)
    HAL_GetREVID                             0x08000f0f   Thumb Code    18  stm32f1xx_hal.o(.text)
    HAL_GetDEVID                             0x08000f21   Thumb Code    10  stm32f1xx_hal.o(.text)
    HAL_DBGMCU_EnableDBGSleepMode            0x08000f2b   Thumb Code    14  stm32f1xx_hal.o(.text)
    HAL_DBGMCU_DisableDBGSleepMode           0x08000f39   Thumb Code    14  stm32f1xx_hal.o(.text)
    HAL_DBGMCU_EnableDBGStopMode             0x08000f47   Thumb Code    14  stm32f1xx_hal.o(.text)
    HAL_DBGMCU_DisableDBGStopMode            0x08000f55   Thumb Code    14  stm32f1xx_hal.o(.text)
    HAL_DBGMCU_EnableDBGStandbyMode          0x08000f63   Thumb Code    14  stm32f1xx_hal.o(.text)
    HAL_DBGMCU_DisableDBGStandbyMode         0x08000f71   Thumb Code    14  stm32f1xx_hal.o(.text)
    ADC_ConversionStop_Disable               0x08000f95   Thumb Code    78  stm32f1xx_hal_adc.o(.text)
    HAL_ADC_Init                             0x08000fe5   Thumb Code   272  stm32f1xx_hal_adc.o(.text)
    HAL_ADC_DeInit                           0x080010f7   Thumb Code   262  stm32f1xx_hal_adc.o(.text)
    ADC_Enable                               0x080011fd   Thumb Code   108  stm32f1xx_hal_adc.o(.text)
    HAL_ADC_Start                            0x08001269   Thumb Code   172  stm32f1xx_hal_adc.o(.text)
    HAL_ADC_Stop                             0x08001315   Thumb Code    60  stm32f1xx_hal_adc.o(.text)
    HAL_ADC_PollForConversion                0x08001351   Thumb Code   346  stm32f1xx_hal_adc.o(.text)
    HAL_ADC_PollForEvent                     0x080014ab   Thumb Code   100  stm32f1xx_hal_adc.o(.text)
    HAL_ADC_Start_IT                         0x0800150f   Thumb Code   184  stm32f1xx_hal_adc.o(.text)
    HAL_ADC_Stop_IT                          0x080015c7   Thumb Code    72  stm32f1xx_hal_adc.o(.text)
    ADC_DMAError                             0x08001611   Thumb Code    28  stm32f1xx_hal_adc.o(.text)
    ADC_DMAHalfConvCplt                      0x0800162f   Thumb Code    14  stm32f1xx_hal_adc.o(.text)
    ADC_DMAConvCplt                          0x0800163f   Thumb Code    62  stm32f1xx_hal_adc.o(.text)
    HAL_ADC_Start_DMA                        0x0800167d   Thumb Code   238  stm32f1xx_hal_adc.o(.text)
    HAL_ADC_Stop_DMA                         0x0800176b   Thumb Code    92  stm32f1xx_hal_adc.o(.text)
    HAL_ADC_GetValue                         0x080017c7   Thumb Code     8  stm32f1xx_hal_adc.o(.text)
    HAL_ADC_IRQHandler                       0x080017d1   Thumb Code   296  stm32f1xx_hal_adc.o(.text)
    HAL_ADC_ConfigChannel                    0x080018f9   Thumb Code   436  stm32f1xx_hal_adc.o(.text)
    HAL_ADC_AnalogWDGConfig                  0x08001aad   Thumb Code   130  stm32f1xx_hal_adc.o(.text)
    HAL_ADC_GetState                         0x08001b2f   Thumb Code     8  stm32f1xx_hal_adc.o(.text)
    HAL_ADC_GetError                         0x08001b37   Thumb Code     6  stm32f1xx_hal_adc.o(.text)
    HAL_ADCEx_Calibration_Start              0x08001b59   Thumb Code   210  stm32f1xx_hal_adc_ex.o(.text)
    HAL_ADCEx_InjectedStart                  0x08001c2b   Thumb Code   182  stm32f1xx_hal_adc_ex.o(.text)
    HAL_ADCEx_InjectedStop                   0x08001ce1   Thumb Code    96  stm32f1xx_hal_adc_ex.o(.text)
    HAL_ADCEx_InjectedPollForConversion      0x08001d41   Thumb Code   288  stm32f1xx_hal_adc_ex.o(.text)
    HAL_ADCEx_InjectedStart_IT               0x08001e61   Thumb Code   194  stm32f1xx_hal_adc_ex.o(.text)
    HAL_ADCEx_InjectedStop_IT                0x08001f23   Thumb Code   132  stm32f1xx_hal_adc_ex.o(.text)
    HAL_ADCEx_MultiModeStart_DMA             0x08001fa7   Thumb Code   250  stm32f1xx_hal_adc_ex.o(.text)
    HAL_ADCEx_MultiModeStop_DMA              0x080020a1   Thumb Code   166  stm32f1xx_hal_adc_ex.o(.text)
    HAL_ADCEx_InjectedGetValue               0x08002147   Thumb Code    64  stm32f1xx_hal_adc_ex.o(.text)
    HAL_ADCEx_MultiModeGetValue              0x08002187   Thumb Code    30  stm32f1xx_hal_adc_ex.o(.text)
    HAL_ADCEx_InjectedConvCpltCallback       0x080021a5   Thumb Code     2  stm32f1xx_hal_adc_ex.o(.text)
    HAL_ADCEx_InjectedConfigChannel          0x080021a7   Thumb Code   682  stm32f1xx_hal_adc_ex.o(.text)
    HAL_ADCEx_MultiModeConfigChannel         0x08002451   Thumb Code   104  stm32f1xx_hal_adc_ex.o(.text)
    HAL_NVIC_SetPriorityGrouping             0x080024e9   Thumb Code    36  stm32f1xx_hal_cortex.o(.text)
    HAL_NVIC_SetPriority                     0x0800250d   Thumb Code   124  stm32f1xx_hal_cortex.o(.text)
    HAL_NVIC_EnableIRQ                       0x08002589   Thumb Code    28  stm32f1xx_hal_cortex.o(.text)
    HAL_NVIC_DisableIRQ                      0x080025a5   Thumb Code    22  stm32f1xx_hal_cortex.o(.text)
    HAL_NVIC_SystemReset                     0x080025bb   Thumb Code    38  stm32f1xx_hal_cortex.o(.text)
    HAL_SYSTICK_Config                       0x080025e1   Thumb Code    52  stm32f1xx_hal_cortex.o(.text)
    HAL_NVIC_GetPriorityGrouping             0x08002615   Thumb Code     8  stm32f1xx_hal_cortex.o(.text)
    HAL_NVIC_GetPriority                     0x0800261d   Thumb Code   138  stm32f1xx_hal_cortex.o(.text)
    HAL_NVIC_SetPendingIRQ                   0x080026a7   Thumb Code    24  stm32f1xx_hal_cortex.o(.text)
    HAL_NVIC_GetPendingIRQ                   0x080026bf   Thumb Code    38  stm32f1xx_hal_cortex.o(.text)
    HAL_NVIC_ClearPendingIRQ                 0x080026e5   Thumb Code    22  stm32f1xx_hal_cortex.o(.text)
    HAL_NVIC_GetActive                       0x080026fb   Thumb Code    38  stm32f1xx_hal_cortex.o(.text)
    HAL_SYSTICK_CLKSourceConfig              0x08002721   Thumb Code    40  stm32f1xx_hal_cortex.o(.text)
    HAL_SYSTICK_Callback                     0x08002749   Thumb Code     2  stm32f1xx_hal_cortex.o(.text)
    HAL_SYSTICK_IRQHandler                   0x0800274b   Thumb Code     8  stm32f1xx_hal_cortex.o(.text)
    HAL_DMA_Init                             0x08002775   Thumb Code    84  stm32f1xx_hal_dma.o(.text)
    HAL_DMA_DeInit                           0x080027c9   Thumb Code   364  stm32f1xx_hal_dma.o(.text)
    HAL_DMA_Start                            0x08002955   Thumb Code    82  stm32f1xx_hal_dma.o(.text)
    HAL_DMA_Start_IT                         0x080029a7   Thumb Code   118  stm32f1xx_hal_dma.o(.text)
    HAL_DMA_Abort                            0x08002a1d   Thumb Code    96  stm32f1xx_hal_dma.o(.text)
    HAL_DMA_PollForTransfer                  0x08002a7d   Thumb Code   736  stm32f1xx_hal_dma.o(.text)
    HAL_DMA_IRQHandler                       0x08002d5d   Thumb Code   784  stm32f1xx_hal_dma.o(.text)
    HAL_DMA_GetState                         0x0800306d   Thumb Code     8  stm32f1xx_hal_dma.o(.text)
    HAL_DMA_GetError                         0x08003075   Thumb Code     6  stm32f1xx_hal_dma.o(.text)
    HAL_GPIO_Init                            0x08003081   Thumb Code   760  stm32f1xx_hal_gpio.o(.text)
    HAL_GPIO_DeInit                          0x08003379   Thumb Code   286  stm32f1xx_hal_gpio.o(.text)
    HAL_GPIO_ReadPin                         0x08003497   Thumb Code    16  stm32f1xx_hal_gpio.o(.text)
    HAL_GPIO_WritePin                        0x080034a7   Thumb Code    12  stm32f1xx_hal_gpio.o(.text)
    HAL_GPIO_TogglePin                       0x080034b3   Thumb Code     8  stm32f1xx_hal_gpio.o(.text)
    HAL_GPIO_LockPin                         0x080034bb   Thumb Code    32  stm32f1xx_hal_gpio.o(.text)
    HAL_GPIO_EXTI_IRQHandler                 0x080034dd   Thumb Code    28  stm32f1xx_hal_gpio.o(.text)
    HAL_RCC_DeInit                           0x08003519   Thumb Code    72  stm32f1xx_hal_rcc.o(.text)
    HAL_RCC_OscConfig                        0x08003561   Thumb Code  2408  stm32f1xx_hal_rcc.o(.text)
    HAL_RCC_MCOConfig                        0x080040d3   Thumb Code    74  stm32f1xx_hal_rcc.o(.text)
    HAL_RCC_EnableCSS                        0x0800411d   Thumb Code    32  stm32f1xx_hal_rcc.o(.text)
    HAL_RCC_DisableCSS                       0x0800413d   Thumb Code    22  stm32f1xx_hal_rcc.o(.text)
    HAL_RCC_GetSysClockFreq                  0x08004153   Thumb Code   146  stm32f1xx_hal_rcc.o(.text)
    HAL_RCC_GetHCLKFreq                      0x080041e5   Thumb Code    42  stm32f1xx_hal_rcc.o(.text)
    HAL_RCC_GetPCLK1Freq                     0x0800420f   Thumb Code    36  stm32f1xx_hal_rcc.o(.text)
    HAL_RCC_GetPCLK2Freq                     0x08004233   Thumb Code    36  stm32f1xx_hal_rcc.o(.text)
    HAL_RCC_GetOscConfig                     0x08004257   Thumb Code   204  stm32f1xx_hal_rcc.o(.text)
    HAL_RCC_CSSCallback                      0x08004357   Thumb Code     2  stm32f1xx_hal_rcc.o(.text)
    HAL_RCC_NMI_IRQHandler                   0x08004359   Thumb Code    26  stm32f1xx_hal_rcc.o(.text)
    HAL_RCC_ClockConfig                      0x080043a1   Thumb Code  1060  stm32f1xx_hal_rcc_ex.o(.text)
    HAL_RCC_GetClockConfig                   0x080047c5   Thumb Code    58  stm32f1xx_hal_rcc_ex.o(.text)
    HAL_RCCEx_PeriphCLKConfig                0x080047ff   Thumb Code   346  stm32f1xx_hal_rcc_ex.o(.text)
    HAL_RCCEx_GetPeriphCLKConfig             0x08004959   Thumb Code    54  stm32f1xx_hal_rcc_ex.o(.text)
    HAL_RCCEx_GetPeriphCLKFreq               0x0800498f   Thumb Code   296  stm32f1xx_hal_rcc_ex.o(.text)
    BSP_GetVersion                           0x08004ae5   Thumb Code     6  stm32f1xx_nucleo.o(.text)
    BSP_LED_Init                             0x08004aeb   Thumb Code    94  stm32f1xx_nucleo.o(.text)
    BSP_LED_On                               0x08004b49   Thumb Code    24  stm32f1xx_nucleo.o(.text)
    BSP_LED_Off                              0x08004b61   Thumb Code    24  stm32f1xx_nucleo.o(.text)
    BSP_LED_Toggle                           0x08004b79   Thumb Code    22  stm32f1xx_nucleo.o(.text)
    BSP_PB_Init                              0x08004b8f   Thumb Code   144  stm32f1xx_nucleo.o(.text)
    BSP_PB_GetState                          0x08004c1f   Thumb Code    22  stm32f1xx_nucleo.o(.text)
    BSP_JOY_Init                             0x08004ccb   Thumb Code    28  stm32f1xx_nucleo.o(.text)
    BSP_JOY_GetState                         0x08004ce7   Thumb Code   126  stm32f1xx_nucleo.o(.text)
    HAL_UART_Init                            0x08004eb5   Thumb Code   110  stm32f1xx_hal_uart.o(.text)
    HAL_HalfDuplex_Init                      0x08004f23   Thumb Code   108  stm32f1xx_hal_uart.o(.text)
    HAL_LIN_Init                             0x08004f8f   Thumb Code   124  stm32f1xx_hal_uart.o(.text)
    HAL_MultiProcessor_Init                  0x0800500b   Thumb Code   128  stm32f1xx_hal_uart.o(.text)
    HAL_UART_DeInit                          0x0800508d   Thumb Code    68  stm32f1xx_hal_uart.o(.text)
    HAL_UART_Transmit                        0x080051d1   Thumb Code   240  stm32f1xx_hal_uart.o(.text)
    HAL_UART_Receive                         0x080052c1   Thumb Code   248  stm32f1xx_hal_uart.o(.text)
    HAL_UART_Transmit_IT                     0x080053b9   Thumb Code   122  stm32f1xx_hal_uart.o(.text)
    HAL_UART_Receive_IT                      0x08005433   Thumb Code   134  stm32f1xx_hal_uart.o(.text)
    HAL_UART_ErrorCallback                   0x080054b9   Thumb Code     2  stm32f1xx_hal_uart.o(.text)
    HAL_UART_TxHalfCpltCallback              0x080054dd   Thumb Code     2  stm32f1xx_hal_uart.o(.text)
    HAL_UART_Transmit_DMA                    0x08005525   Thumb Code   156  stm32f1xx_hal_uart.o(.text)
    HAL_UART_RxHalfCpltCallback              0x080055c1   Thumb Code     2  stm32f1xx_hal_uart.o(.text)
    HAL_UART_Receive_DMA                     0x08005611   Thumb Code   146  stm32f1xx_hal_uart.o(.text)
    HAL_UART_DMAPause                        0x080056a3   Thumb Code   118  stm32f1xx_hal_uart.o(.text)
    HAL_UART_DMAResume                       0x08005719   Thumb Code   146  stm32f1xx_hal_uart.o(.text)
    HAL_UART_DMAStop                         0x080057ab   Thumb Code    46  stm32f1xx_hal_uart.o(.text)
    HAL_UART_IRQHandler                      0x08005945   Thumb Code   280  stm32f1xx_hal_uart.o(.text)
    HAL_LIN_SendBreak                        0x08005a5d   Thumb Code    62  stm32f1xx_hal_uart.o(.text)
    HAL_MultiProcessor_EnterMuteMode         0x08005a9b   Thumb Code    62  stm32f1xx_hal_uart.o(.text)
    HAL_MultiProcessor_ExitMuteMode          0x08005ad9   Thumb Code    62  stm32f1xx_hal_uart.o(.text)
    HAL_HalfDuplex_EnableTransmitter         0x08005b17   Thumb Code    66  stm32f1xx_hal_uart.o(.text)
    HAL_HalfDuplex_EnableReceiver            0x08005b59   Thumb Code    64  stm32f1xx_hal_uart.o(.text)
    HAL_UART_GetState                        0x08005b99   Thumb Code     8  stm32f1xx_hal_uart.o(.text)
    HAL_UART_GetError                        0x08005ba1   Thumb Code     6  stm32f1xx_hal_uart.o(.text)
    __aeabi_memclr                           0x08005ba7   Thumb Code     0  rt_memclr.o(.text)
    __rt_memclr                              0x08005ba7   Thumb Code    68  rt_memclr.o(.text)
    _memset                                  0x08005bab   Thumb Code     0  rt_memclr.o(.text)
    __aeabi_memclr4                          0x08005beb   Thumb Code     0  rt_memclr_w.o(.text)
    __aeabi_memclr8                          0x08005beb   Thumb Code     0  rt_memclr_w.o(.text)
    __rt_memclr_w                            0x08005beb   Thumb Code    78  rt_memclr_w.o(.text)
    _memset_w                                0x08005bef   Thumb Code     0  rt_memclr_w.o(.text)
    __use_two_region_memory                  0x08005c39   Thumb Code     2  heapauxi.o(.text)
    __rt_heap_escrow$2region                 0x08005c3b   Thumb Code     2  heapauxi.o(.text)
    __rt_heap_expand$2region                 0x08005c3d   Thumb Code     2  heapauxi.o(.text)
    __user_setup_stackheap                   0x08005c3f   Thumb Code    74  sys_stackheap_outer.o(.text)
    exit                                     0x08005c89   Thumb Code    12  exit.o(.text)
    __user_libspace                          0x08005c95   Thumb Code     8  libspace.o(.text)
    __user_perproc_libspace                  0x08005c95   Thumb Code     0  libspace.o(.text)
    __user_perthread_libspace                0x08005c95   Thumb Code     0  libspace.o(.text)
    _sys_exit                                0x08005c9d   Thumb Code     8  sys_exit.o(.text)
    __I$use$semihosting                      0x08005ca9   Thumb Code     0  use_no_semi.o(.text)
    __use_no_semihosting_swi                 0x08005ca9   Thumb Code     2  use_no_semi.o(.text)
    __semihosting_library_function           0x08005cab   Thumb Code     0  indicate_semi.o(.text)
    __aeabi_d2uiz                            0x08005cad   Thumb Code     0  dfixu.o(x$fpl$dfixu)
    _dfixu                                   0x08005cad   Thumb Code    90  dfixu.o(x$fpl$dfixu)
    __aeabi_ui2d                             0x08005d07   Thumb Code     0  dflt_clz.o(x$fpl$dfltu)
    _dfltu                                   0x08005d07   Thumb Code    38  dflt_clz.o(x$fpl$dfltu)
    __aeabi_dmul                             0x08005d2d   Thumb Code     0  dmul.o(x$fpl$dmul)
    _dmul                                    0x08005d2d   Thumb Code   332  dmul.o(x$fpl$dmul)
    __fpl_dnaninf                            0x08005e81   Thumb Code   156  dnaninf.o(x$fpl$dnaninf)
    __fpl_dretinf                            0x08005f1d   Thumb Code    12  dretinf.o(x$fpl$dretinf)
    __I$use$fp                               0x08005f28   Number         0  usenofp.o(x$fpl$usenofp)
    aAPBAHBPrescTable                        0x08005f28   Data          16  stm32f1xx_hal_rcc.o(.constdata)
    GPIO_PIN                                 0x08005f38   Data           2  stm32f1xx_nucleo.o(.constdata)
    BUTTON_PIN                               0x08005f3a   Data           2  stm32f1xx_nucleo.o(.constdata)
    BUTTON_IRQn                              0x08005f3c   Data           2  stm32f1xx_nucleo.o(.constdata)
    Region$$Table$$Base                      0x08005f40   Number         0  anon$$obj.o(Region$$Table)
    Region$$Table$$Limit                     0x08005f60   Number         0  anon$$obj.o(Region$$Table)
    CurrentPos                               0x20000000   Data           2  main.o(.data)
    ubUserButtonClickCount                   0x20000002   Data           1  main.o(.data)
    ubUserButtonClickEvent                   0x20000003   Data           1  main.o(.data)
    aTxBuffer                                0x20000004   Data          31  main.o(.data)
    UartReady                                0x20000023   Data           1  main.o(.data)
    MaxPulseAmplitude                        0x20000024   Data           2  main.o(.data)
    MeanPressure                             0x20000026   Data           2  main.o(.data)
    SysPressure                              0x20000028   Data           2  main.o(.data)
    DiaPressure                              0x2000002a   Data           2  main.o(.data)
    PressureSensValue                        0x20000030   Data           2  main.o(.data)
    PressureSensValue2                       0x20000032   Data           2  main.o(.data)
    PressureOldValue                         0x20000034   Data           2  main.o(.data)
    Last_Position                            0x20000036   Data           2  main.o(.data)
    MAP_Position                             0x20000038   Data           2  main.o(.data)
    SysPulse                                 0x2000003a   Data           2  main.o(.data)
    DiaPulse                                 0x2000003c   Data           2  main.o(.data)
    Pulse_Difference                         0x2000003e   Data           2  main.o(.data)
    Pulse_Difference_Old                     0x20000040   Data           2  main.o(.data)
    SystemCoreClock                          0x20000044   Data           4  system_stm32f1xx.o(.data)
    AHBPrescTable                            0x20000048   Data          16  system_stm32f1xx.o(.data)
    ubAnalogWatchdogStatus                   0x20000058   Data           1  adcread.o(.data)
    GPIO_PORT                                0x20000060   Data           4  stm32f1xx_nucleo.o(.data)
    BUTTON_PORT                              0x20000064   Data           4  stm32f1xx_nucleo.o(.data)
    PressureAmplitude                        0x20000068   Data         700  main.o(.bss)
    PulseAmplitude                           0x20000324   Data         700  main.o(.bss)
    aRxBuffer                                0x200005e0   Data          10  main.o(.bss)
    UartHandle                               0x200005ec   Data          64  main.o(.bss)
    CommandToStart                           0x2000062c   Data          10  main.o(.bss)
    AdcHandle                                0x20000670   Data          48  adcread.o(.bss)
    __libspace_start                         0x200006dc   Data          96  libspace.o(.bss)
    __temporary_stack_top$libspace           0x2000073c   Data           0  libspace.o(.bss)



==============================================================================

Memory Map of the image

  Image Entry point : 0x080000ed

  Load Region LR_IROM1 (Base: 0x08000000, Size: 0x00005fc8, Max: 0x00010000, ABSOLUTE)

    Execution Region ER_IROM1 (Base: 0x08000000, Size: 0x00005f60, Max: 0x00010000, ABSOLUTE)

    Base Addr    Size         Type   Attr      Idx    E Section Name        Object

    0x08000000   0x000000ec   Data   RO            3    RESET               startup_stm32f10x_md.o
    0x080000ec   0x00000008   Code   RO          535  * !!!main             c_w.l(__main.o)
    0x080000f4   0x00000034   Code   RO          706    !!!scatter          c_w.l(__scatter.o)
    0x08000128   0x0000001a   Code   RO          708    !!handler_copy      c_w.l(__scatter_copy.o)
    0x08000142   0x00000002   PAD
    0x08000144   0x0000001c   Code   RO          710    !!handler_zi        c_w.l(__scatter_zi.o)
    0x08000160   0x00000002   Code   RO          579    .ARM.Collect$$libinit$$00000000  c_w.l(libinit.o)
    0x08000162   0x00000000   Code   RO          586    .ARM.Collect$$libinit$$00000002  c_w.l(libinit2.o)
    0x08000162   0x00000000   Code   RO          589    .ARM.Collect$$libinit$$00000008  c_w.l(libinit2.o)
    0x08000162   0x00000000   Code   RO          591    .ARM.Collect$$libinit$$0000000A  c_w.l(libinit2.o)
    0x08000162   0x00000000   Code   RO          593    .ARM.Collect$$libinit$$0000000C  c_w.l(libinit2.o)
    0x08000162   0x00000000   Code   RO          596    .ARM.Collect$$libinit$$0000000F  c_w.l(libinit2.o)
    0x08000162   0x00000000   Code   RO          598    .ARM.Collect$$libinit$$00000011  c_w.l(libinit2.o)
    0x08000162   0x00000000   Code   RO          600    .ARM.Collect$$libinit$$00000013  c_w.l(libinit2.o)
    0x08000162   0x00000000   Code   RO          602    .ARM.Collect$$libinit$$00000015  c_w.l(libinit2.o)
    0x08000162   0x00000000   Code   RO          604    .ARM.Collect$$libinit$$00000017  c_w.l(libinit2.o)
    0x08000162   0x00000000   Code   RO          606    .ARM.Collect$$libinit$$00000019  c_w.l(libinit2.o)
    0x08000162   0x00000000   Code   RO          608    .ARM.Collect$$libinit$$0000001B  c_w.l(libinit2.o)
    0x08000162   0x00000000   Code   RO          610    .ARM.Collect$$libinit$$0000001D  c_w.l(libinit2.o)
    0x08000162   0x00000000   Code   RO          612    .ARM.Collect$$libinit$$0000001F  c_w.l(libinit2.o)
    0x08000162   0x00000000   Code   RO          614    .ARM.Collect$$libinit$$00000021  c_w.l(libinit2.o)
    0x08000162   0x00000000   Code   RO          616    .ARM.Collect$$libinit$$00000023  c_w.l(libinit2.o)
    0x08000162   0x00000000   Code   RO          620    .ARM.Collect$$libinit$$0000002A  c_w.l(libinit2.o)
    0x08000162   0x00000000   Code   RO          622    .ARM.Collect$$libinit$$0000002C  c_w.l(libinit2.o)
    0x08000162   0x00000000   Code   RO          624    .ARM.Collect$$libinit$$0000002E  c_w.l(libinit2.o)
    0x08000162   0x00000000   Code   RO          626    .ARM.Collect$$libinit$$00000030  c_w.l(libinit2.o)
    0x08000162   0x00000002   Code   RO          627    .ARM.Collect$$libinit$$00000031  c_w.l(libinit2.o)
    0x08000164   0x00000002   Code   RO          647    .ARM.Collect$$libshutdown$$00000000  c_w.l(libshutdown.o)
    0x08000166   0x00000000   Code   RO          661    .ARM.Collect$$libshutdown$$00000003  c_w.l(libshutdown2.o)
    0x08000166   0x00000000   Code   RO          664    .ARM.Collect$$libshutdown$$00000006  c_w.l(libshutdown2.o)
    0x08000166   0x00000000   Code   RO          667    .ARM.Collect$$libshutdown$$00000009  c_w.l(libshutdown2.o)
    0x08000166   0x00000000   Code   RO          669    .ARM.Collect$$libshutdown$$0000000B  c_w.l(libshutdown2.o)
    0x08000166   0x00000000   Code   RO          672    .ARM.Collect$$libshutdown$$0000000E  c_w.l(libshutdown2.o)
    0x08000166   0x00000002   Code   RO          673    .ARM.Collect$$libshutdown$$0000000F  c_w.l(libshutdown2.o)
    0x08000168   0x00000000   Code   RO          549    .ARM.Collect$$rtentry$$00000000  c_w.l(rtentry.o)
    0x08000168   0x00000000   Code   RO          556    .ARM.Collect$$rtentry$$00000002  c_w.l(rtentry2.o)
    0x08000168   0x00000006   Code   RO          568    .ARM.Collect$$rtentry$$00000004  c_w.l(rtentry4.o)
    0x0800016e   0x00000000   Code   RO          558    .ARM.Collect$$rtentry$$00000009  c_w.l(rtentry2.o)
    0x0800016e   0x00000004   Code   RO          559    .ARM.Collect$$rtentry$$0000000A  c_w.l(rtentry2.o)
    0x08000172   0x00000000   Code   RO          561    .ARM.Collect$$rtentry$$0000000C  c_w.l(rtentry2.o)
    0x08000172   0x00000008   Code   RO          562    .ARM.Collect$$rtentry$$0000000D  c_w.l(rtentry2.o)
    0x0800017a   0x00000002   Code   RO          583    .ARM.Collect$$rtexit$$00000000  c_w.l(rtexit.o)
    0x0800017c   0x00000000   Code   RO          629    .ARM.Collect$$rtexit$$00000002  c_w.l(rtexit2.o)
    0x0800017c   0x00000004   Code   RO          630    .ARM.Collect$$rtexit$$00000003  c_w.l(rtexit2.o)
    0x08000180   0x00000006   Code   RO          631    .ARM.Collect$$rtexit$$00000004  c_w.l(rtexit2.o)
    0x08000186   0x00000002   PAD
    0x08000188   0x00000040   Code   RO            4    .text               startup_stm32f10x_md.o
    0x080001c8   0x0000082c   Code   RO           12    .text               main.o
    0x080009f4   0x00000054   Code   RO          129    .text               stm32f1xx_it.o
    0x08000a48   0x000000f4   Code   RO          153    .text               system_stm32f1xx.o
    0x08000b3c   0x000001d8   Code   RO          179    .text               stm32f1xx_hal_msp.o
    0x08000d14   0x0000013c   Code   RO          200    .text               adcread.o
    0x08000e50   0x00000144   Code   RO          227    .text               stm32f1xx_hal.o
    0x08000f94   0x00000bc4   Code   RO          249    .text               stm32f1xx_hal_adc.o
    0x08001b58   0x00000970   Code   RO          269    .text               stm32f1xx_hal_adc_ex.o
    0x080024c8   0x000002ac   Code   RO          289    .text               stm32f1xx_hal_cortex.o
    0x08002774   0x0000090c   Code   RO          341    .text               stm32f1xx_hal_dma.o
    0x08003080   0x00000498   Code   RO          361    .text               stm32f1xx_hal_gpio.o
    0x08003518   0x00000e88   Code   RO          381    .text               stm32f1xx_hal_rcc.o
    0x080043a0   0x00000744   Code   RO          404    .text               stm32f1xx_hal_rcc_ex.o
    0x08004ae4   0x000002ac   Code   RO          464    .text               stm32f1xx_nucleo.o
    0x08004d90   0x00000e16   Code   RO          489    .text               stm32f1xx_hal_uart.o
    0x08005ba6   0x00000044   Code   RO          529    .text               c_w.l(rt_memclr.o)
    0x08005bea   0x0000004e   Code   RO          531    .text               c_w.l(rt_memclr_w.o)
    0x08005c38   0x00000006   Code   RO          533    .text               c_w.l(heapauxi.o)
    0x08005c3e   0x0000004a   Code   RO          570    .text               c_w.l(sys_stackheap_outer.o)
    0x08005c88   0x0000000c   Code   RO          572    .text               c_w.l(exit.o)
    0x08005c94   0x00000008   Code   RO          580    .text               c_w.l(libspace.o)
    0x08005c9c   0x0000000c   Code   RO          639    .text               c_w.l(sys_exit.o)
    0x08005ca8   0x00000002   Code   RO          650    .text               c_w.l(use_no_semi.o)
    0x08005caa   0x00000000   Code   RO          652    .text               c_w.l(indicate_semi.o)
    0x08005caa   0x00000002   PAD
    0x08005cac   0x0000005a   Code   RO          537    x$fpl$dfixu         fz_ws.l(dfixu.o)
    0x08005d06   0x00000026   Code   RO          541    x$fpl$dfltu         fz_ws.l(dflt_clz.o)
    0x08005d2c   0x00000154   Code   RO          547    x$fpl$dmul          fz_ws.l(dmul.o)
    0x08005e80   0x0000009c   Code   RO          550    x$fpl$dnaninf       fz_ws.l(dnaninf.o)
    0x08005f1c   0x0000000c   Code   RO          552    x$fpl$dretinf       fz_ws.l(dretinf.o)
    0x08005f28   0x00000000   Code   RO          554    x$fpl$usenofp       fz_ws.l(usenofp.o)
    0x08005f28   0x00000010   Data   RO          382    .constdata          stm32f1xx_hal_rcc.o
    0x08005f38   0x00000006   Data   RO          466    .constdata          stm32f1xx_nucleo.o
    0x08005f3e   0x00000002   PAD
    0x08005f40   0x00000020   Data   RO          704    Region$$Table       anon$$obj.o


    Execution Region RW_IRAM1 (Base: 0x20000000, Size: 0x00000d40, Max: 0x00005000, ABSOLUTE)

    Base Addr    Size         Type   Attr      Idx    E Section Name        Object

    0x20000000   0x00000042   Data   RW           14    .data               main.o
    0x20000042   0x00000002   PAD
    0x20000044   0x00000014   Data   RW          154    .data               system_stm32f1xx.o
    0x20000058   0x00000001   Data   RW          202    .data               adcread.o
    0x20000059   0x00000003   PAD
    0x2000005c   0x00000004   Data   RW          228    .data               stm32f1xx_hal.o
    0x20000060   0x00000008   Data   RW          467    .data               stm32f1xx_nucleo.o
    0x20000068   0x000005ce   Zero   RW           13    .bss                main.o
    0x20000636   0x00000002   PAD
    0x20000638   0x00000038   Zero   RW          180    .bss                stm32f1xx_hal_msp.o
    0x20000670   0x00000030   Zero   RW          201    .bss                adcread.o
    0x200006a0   0x0000003c   Zero   RW          465    .bss                stm32f1xx_nucleo.o
    0x200006dc   0x00000060   Zero   RW          581    .bss                c_w.l(libspace.o)
    0x2000073c   0x00000004   PAD
    0x20000740   0x00000200   Zero   RW            2    HEAP                startup_stm32f10x_md.o
    0x20000940   0x00000400   Zero   RW            1    STACK               startup_stm32f10x_md.o


==============================================================================

Image component sizes


      Code (inc. data)   RO Data    RW Data    ZI Data      Debug   Object Name

       316         14          0          1         48       2439   adcread.o
      2092        192          0         66       1486     249131   main.o
        64         26        236          0       1536        724   startup_stm32f10x_md.o
       324         22          0          4          0       3479   stm32f1xx_hal.o
      3012         82          0          0          0       8642   stm32f1xx_hal_adc.o
      2416         62          0          0          0       6166   stm32f1xx_hal_adc_ex.o
       684         22          0          0          0      26646   stm32f1xx_hal_cortex.o
      2316         16          0          0          0       4364   stm32f1xx_hal_dma.o
      1176         32          0          0          0       3679   stm32f1xx_hal_gpio.o
       472         16          0          0         56       1756   stm32f1xx_hal_msp.o
      3720         86         16          0          0       5043   stm32f1xx_hal_rcc.o
      1860         56          0          0          0       3119   stm32f1xx_hal_rcc_ex.o
      3606         28          0          0          0      11647   stm32f1xx_hal_uart.o
        84         10          0          0          0       1732   stm32f1xx_it.o
       684         44          6          8         60       3622   stm32f1xx_nucleo.o
       244         32          0         20          0       1179   system_stm32f1xx.o

    ----------------------------------------------------------------------
     23070        740        292        104       3188     333368   Object Totals
         0          0         32          0          0          0   (incl. Generated)
         0          0          2          5          2          0   (incl. Padding)

    ----------------------------------------------------------------------

      Code (inc. data)   RO Data    RW Data    ZI Data      Debug   Library Member Name

         8          0          0          0          0         68   __main.o
        52          8          0          0          0          0   __scatter.o
        26          0          0          0          0          0   __scatter_copy.o
        28          0          0          0          0          0   __scatter_zi.o
        12          0          0          0          0         72   exit.o
         6          0          0          0          0        152   heapauxi.o
         0          0          0          0          0          0   indicate_semi.o
         2          0          0          0          0          0   libinit.o
         2          0          0          0          0          0   libinit2.o
         2          0          0          0          0          0   libshutdown.o
         2          0          0          0          0          0   libshutdown2.o
         8          4          0          0         96         68   libspace.o
        68          0          0          0          0         68   rt_memclr.o
        78          0          0          0          0         80   rt_memclr_w.o
         0          0          0          0          0          0   rtentry.o
        12          0          0          0          0          0   rtentry2.o
         6          0          0          0          0          0   rtentry4.o
         2          0          0          0          0          0   rtexit.o
        10          0          0          0          0          0   rtexit2.o
        12          4          0          0          0         68   sys_exit.o
        74          0          0          0          0         80   sys_stackheap_outer.o
         2          0          0          0          0         68   use_no_semi.o
        90          4          0          0          0         92   dfixu.o
        38          0          0          0          0         68   dflt_clz.o
       340         12          0          0          0        104   dmul.o
       156          4          0          0          0         92   dnaninf.o
        12          0          0          0          0         68   dretinf.o
         0          0          0          0          0          0   usenofp.o

    ----------------------------------------------------------------------
      1054         36          0          0        100       1148   Library Totals
         6          0          0          0          4          0   (incl. Padding)

    ----------------------------------------------------------------------

      Code (inc. data)   RO Data    RW Data    ZI Data      Debug   Library Name

       412         16          0          0         96        724   c_w.l
       636         20          0          0          0        424   fz_ws.l

    ----------------------------------------------------------------------
      1054         36          0          0        100       1148   Library Totals

    ----------------------------------------------------------------------

==============================================================================


      Code (inc. data)   RO Data    RW Data    ZI Data      Debug   

     24124        776        292        104       3288     332280   Grand Totals
     24124        776        292        104       3288     332280   ELF Image Totals
     24124        776        292        104          0          0   ROM Totals

==============================================================================

    Total RO  Size (Code + RO Data)                24416 (  23.84kB)
    Total RW  Size (RW Data + ZI Data)              3392 (   3.31kB)
    Total ROM Size (Code + RO Data + RW Data)      24520 (  23.95kB)

==============================================================================

